Archive member included to satisfy reference by file (symbol)

/home/nikhil/Projects/RISCV/toolchain/riscv-im/bin/../lib/gcc/riscv64-unknown-elf/5.2.0/soft-float/32/libgcc.a(_divdi3.o)
                              ../lib/syscalls.o (__divdi3)
/home/nikhil/Projects/RISCV/toolchain/riscv-im/bin/../lib/gcc/riscv64-unknown-elf/5.2.0/soft-float/32/libgcc.a(_moddi3.o)
                              ../lib/syscalls.o (__moddi3)
/home/nikhil/Projects/RISCV/toolchain/riscv-im/bin/../lib/gcc/riscv64-unknown-elf/5.2.0/soft-float/32/libgcc.a(_clz.o)
                              /home/nikhil/Projects/RISCV/toolchain/riscv-im/bin/../lib/gcc/riscv64-unknown-elf/5.2.0/soft-float/32/libgcc.a(_divdi3.o) (__clz_tab)
/home/nikhil/Projects/RISCV/toolchain/riscv-im/bin/../lib/gcc/riscv64-unknown-elf/5.2.0/../../../../riscv64-unknown-elf/lib/soft-float/32/libc.a(lib_a-atexit.o)
                              /home/nikhil/Projects/RISCV/toolchain/riscv-im/bin/../lib/gcc/riscv64-unknown-elf/5.2.0/../../../../riscv64-unknown-elf/lib/soft-float/32/crt0.o (atexit)
/home/nikhil/Projects/RISCV/toolchain/riscv-im/bin/../lib/gcc/riscv64-unknown-elf/5.2.0/../../../../riscv64-unknown-elf/lib/soft-float/32/libc.a(lib_a-fini.o)
                              /home/nikhil/Projects/RISCV/toolchain/riscv-im/bin/../lib/gcc/riscv64-unknown-elf/5.2.0/../../../../riscv64-unknown-elf/lib/soft-float/32/crt0.o (__libc_fini_array)
/home/nikhil/Projects/RISCV/toolchain/riscv-im/bin/../lib/gcc/riscv64-unknown-elf/5.2.0/../../../../riscv64-unknown-elf/lib/soft-float/32/libc.a(lib_a-init.o)
                              /home/nikhil/Projects/RISCV/toolchain/riscv-im/bin/../lib/gcc/riscv64-unknown-elf/5.2.0/../../../../riscv64-unknown-elf/lib/soft-float/32/crt0.o (__libc_init_array)
/home/nikhil/Projects/RISCV/toolchain/riscv-im/bin/../lib/gcc/riscv64-unknown-elf/5.2.0/../../../../riscv64-unknown-elf/lib/soft-float/32/libc.a(lib_a-printf.o)
                              /tmp/ccmVxZBw.o (printf)
/home/nikhil/Projects/RISCV/toolchain/riscv-im/bin/../lib/gcc/riscv64-unknown-elf/5.2.0/../../../../riscv64-unknown-elf/lib/soft-float/32/libc.a(lib_a-vfprintf.o)
                              /home/nikhil/Projects/RISCV/toolchain/riscv-im/bin/../lib/gcc/riscv64-unknown-elf/5.2.0/../../../../riscv64-unknown-elf/lib/soft-float/32/libc.a(lib_a-printf.o) (_vfprintf_r)
/home/nikhil/Projects/RISCV/toolchain/riscv-im/bin/../lib/gcc/riscv64-unknown-elf/5.2.0/../../../../riscv64-unknown-elf/lib/soft-float/32/libc.a(lib_a-wsetup.o)
                              /home/nikhil/Projects/RISCV/toolchain/riscv-im/bin/../lib/gcc/riscv64-unknown-elf/5.2.0/../../../../riscv64-unknown-elf/lib/soft-float/32/libc.a(lib_a-vfprintf.o) (__swsetup_r)
/home/nikhil/Projects/RISCV/toolchain/riscv-im/bin/../lib/gcc/riscv64-unknown-elf/5.2.0/../../../../riscv64-unknown-elf/lib/soft-float/32/libc.a(lib_a-__atexit.o)
                              /home/nikhil/Projects/RISCV/toolchain/riscv-im/bin/../lib/gcc/riscv64-unknown-elf/5.2.0/../../../../riscv64-unknown-elf/lib/soft-float/32/libc.a(lib_a-atexit.o) (__register_exitproc)
/home/nikhil/Projects/RISCV/toolchain/riscv-im/bin/../lib/gcc/riscv64-unknown-elf/5.2.0/../../../../riscv64-unknown-elf/lib/soft-float/32/libc.a(lib_a-dtoa.o)
                              /home/nikhil/Projects/RISCV/toolchain/riscv-im/bin/../lib/gcc/riscv64-unknown-elf/5.2.0/../../../../riscv64-unknown-elf/lib/soft-float/32/libc.a(lib_a-vfprintf.o) (_dtoa_r)
/home/nikhil/Projects/RISCV/toolchain/riscv-im/bin/../lib/gcc/riscv64-unknown-elf/5.2.0/../../../../riscv64-unknown-elf/lib/soft-float/32/libc.a(lib_a-fflush.o)
                              /home/nikhil/Projects/RISCV/toolchain/riscv-im/bin/../lib/gcc/riscv64-unknown-elf/5.2.0/../../../../riscv64-unknown-elf/lib/soft-float/32/libc.a(lib_a-vfprintf.o) (_fflush_r)
/home/nikhil/Projects/RISCV/toolchain/riscv-im/bin/../lib/gcc/riscv64-unknown-elf/5.2.0/../../../../riscv64-unknown-elf/lib/soft-float/32/libc.a(lib_a-findfp.o)
                              /home/nikhil/Projects/RISCV/toolchain/riscv-im/bin/../lib/gcc/riscv64-unknown-elf/5.2.0/../../../../riscv64-unknown-elf/lib/soft-float/32/libc.a(lib_a-vfprintf.o) (__sinit)
/home/nikhil/Projects/RISCV/toolchain/riscv-im/bin/../lib/gcc/riscv64-unknown-elf/5.2.0/../../../../riscv64-unknown-elf/lib/soft-float/32/libc.a(lib_a-freer.o)
                              /home/nikhil/Projects/RISCV/toolchain/riscv-im/bin/../lib/gcc/riscv64-unknown-elf/5.2.0/../../../../riscv64-unknown-elf/lib/soft-float/32/libc.a(lib_a-wsetup.o) (_free_r)
/home/nikhil/Projects/RISCV/toolchain/riscv-im/bin/../lib/gcc/riscv64-unknown-elf/5.2.0/../../../../riscv64-unknown-elf/lib/soft-float/32/libc.a(lib_a-fwalk.o)
                              /home/nikhil/Projects/RISCV/toolchain/riscv-im/bin/../lib/gcc/riscv64-unknown-elf/5.2.0/../../../../riscv64-unknown-elf/lib/soft-float/32/libc.a(lib_a-findfp.o) (_fwalk)
[...]
Memory Configuration

Name             Origin             Length             Attributes
*default*        0x0000000000000000 0xffffffffffffffff

Linker script and memory map

LOAD ../lib/syscalls.o
LOAD ../lib/htif.o
LOAD ../lib/riscv_counters.o
LOAD ../lib/ns16550.o
LOAD /tmp/ccmVxZBw.o
LOAD /home/nikhil/Projects/RISCV/toolchain/riscv-im/bin/../lib/gcc/riscv64-unknown-elf/5.2.0/../../../../riscv64-unknown-elf/lib/soft-float/32/libm.a
LOAD /home/nikhil/Projects/RISCV/toolchain/riscv-im/bin/../lib/gcc/riscv64-unknown-elf/5.2.0/soft-float/32/libgcc.a
LOAD /home/nikhil/Projects/RISCV/toolchain/riscv-im/bin/../lib/gcc/riscv64-unknown-elf/5.2.0/soft-float/32/libgcc.a
START GROUP
LOAD /home/nikhil/Projects/RISCV/toolchain/riscv-im/bin/../lib/gcc/riscv64-unknown-elf/5.2.0/soft-float/32/libgcc.a
LOAD /home/nikhil/Projects/RISCV/toolchain/riscv-im/bin/../lib/gcc/riscv64-unknown-elf/5.2.0/../../../../riscv64-unknown-elf/lib/soft-float/32/libc.a
LOAD /home/nikhil/Projects/RISCV/toolchain/riscv-im/bin/../lib/gcc/riscv64-unknown-elf/5.2.0/../../../../riscv64-unknown-elf/lib/soft-float/32/libnosys.a
END GROUP
LOAD /home/nikhil/Projects/RISCV/toolchain/riscv-im/bin/../lib/gcc/riscv64-unknown-elf/5.2.0/soft-float/32/crtend.o
START GROUP
LOAD /home/nikhil/Projects/RISCV/toolchain/riscv-im/bin/../lib/gcc/riscv64-unknown-elf/5.2.0/../../../../riscv64-unknown-elf/lib/soft-float/32/libc.a
LOAD /home/nikhil/Projects/RISCV/toolchain/riscv-im/bin/../lib/gcc/riscv64-unknown-elf/5.2.0/../../../../riscv64-unknown-elf/lib/soft-float/32/libgloss.a
LOAD /home/nikhil/Projects/RISCV/toolchain/riscv-im/bin/../lib/gcc/riscv64-unknown-elf/5.2.0/soft-float/32/libgcc.a
END GROUP
                0x0000000000010000                . = 0x10000
                0x0000000000010000                _ftext = .
                0x0000000000010000                PROVIDE (eprol, .)

.text           0x0000000000010000     0xc55c
 *(.text)
 .text          0x0000000000010000       0x4c /home/nikhil/Projects/RISCV/toolchain/riscv-im/bin/../lib/gcc/riscv64-unknown-elf/5.2.0/../../../../riscv64-unknown-elf/lib/soft-float/32/crt0.o
                0x0000000000010000                _start
                0x0000000000010048                _init
                0x0000000000010048                _fini
 .text          0x000000000001004c       0xf4 /home/nikhil/Projects/RISCV/toolchain/riscv-im/bin/../lib/gcc/riscv64-unknown-elf/5.2.0/soft-float/32/crtbegin.o
 .text          0x0000000000010140      0x5a4 ../lib/syscalls.o
                0x0000000000010140                exit
                0x0000000000010154                close
                0x0000000000010178                execve
                0x00000000000101ac                fork
                0x00000000000101d4                fstat
                0x0000000000010208                getpid
                0x0000000000010228                isatty
                0x000000000001024c                kill
                0x000000000001027c                link
                0x00000000000102ac                lseek
                0x00000000000102d8                open
                0x0000000000010304                read
                0x00000000000103c0                sbrk
                0x0000000000010430                stat
                0x0000000000010464                times
                0x0000000000010488                unlink
                0x00000000000104b4                wait
                0x00000000000104e0                write
                0x000000000001054c                gettimeofday
                0x0000000000010644                sleep
 .text          0x00000000000106e4      0x154 ../lib/htif.o
                0x0000000000010790                htif_putc
                0x00000000000107d0                htif_getc
 .text          0x0000000000010838       0x9c ../lib/riscv_counters.o
                0x0000000000010838                read_cycle
                0x000000000001086c                read_time
                0x00000000000108a0                read_instret
 .text          0x00000000000108d4      0x1a4 ../lib/ns16550.o
                0x0000000000010984                ns16550_rxready
                0x00000000000109b8                ns16550_rxchar
                0x00000000000109f8                ns16550_txchar
                0x0000000000010a44                ns16550_flush
 .text          0x0000000000010a78      0xba8 /tmp/ccmVxZBw.o
                0x0000000000010a78                compute32
                0x0000000000010d38                compute64
                0x0000000000011300                main
 .text          0x0000000000011620      0x4d0 /home/nikhil/Projects/RISCV/toolchain/riscv-im/bin/../lib/gcc/riscv64-unknown-elf/5.2.0/soft-float/32/libgcc.a(_divdi3.o)
                0x0000000000011620                __divdi3
 .text          0x0000000000011af0      0x490 /home/nikhil/Projects/RISCV/toolchain/riscv-im/bin/../lib/gcc/riscv64-unknown-elf/5.2.0/soft-float/32/libgcc.a(_moddi3.o)
                0x0000000000011af0                __moddi3
 .text          0x0000000000011f80        0x0 /home/nikhil/Projects/RISCV/toolchain/riscv-im/bin/../lib/gcc/riscv64-unknown-elf/5.2.0/soft-float/32/libgcc.a(_clz.o)
 .text          0x0000000000011f80       0x14 /home/nikhil/Projects/RISCV/toolchain/riscv-im/bin/../lib/gcc/riscv64-unknown-elf/5.2.0/../../../../riscv64-unknown-elf/lib/soft-float/32/libc.a(lib_a-atexit.o)
                0x0000000000011f80                atexit
 .text          0x0000000000011f94       0x60 /home/nikhil/Projects/RISCV/toolchain/riscv-im/bin/../lib/gcc/riscv64-unknown-elf/5.2.0/../../../../riscv64-unknown-elf/lib/soft-float/32/libc.a(lib_a-fini.o)
                0x0000000000011f94                __libc_fini_array
 .text          0x0000000000011ff4       0xa0 /home/nikhil/Projects/RISCV/toolchain/riscv-im/bin/../lib/gcc/riscv64-unknown-elf/5.2.0/../../../../riscv64-unknown-elf/lib/soft-float/32/libc.a(lib_a-init.o)
                0x0000000000011ff4                __libc_init_array
 .text          0x0000000000012094       0x94 /home/nikhil/Projects/RISCV/toolchain/riscv-im/bin/../lib/gcc/riscv64-unknown-elf/5.2.0/../../../../riscv64-unknown-elf/lib/soft-float/32/libc.a(lib_a-printf.o)
                0x0000000000012094                _printf_r
                0x00000000000120d8                printf
 .text          0x0000000000012128     0x1e00 /home/nikhil/Projects/RISCV/toolchain/riscv-im/bin/../lib/gcc/riscv64-unknown-elf/5.2.0/../../../../riscv64-unknown-elf/lib/soft-float/32/libc.a(lib_a-vfprintf.o)
                0x0000000000012128                _vfprintf_r
                0x0000000000013e54                vfprintf
 .text          0x0000000000013f28      0x154 /home/nikhil/Projects/RISCV/toolchain/riscv-im/bin/../lib/gcc/riscv64-unknown-elf/5.2.0/../../../../riscv64-unknown-elf/lib/soft-float/32/libc.a(lib_a-wsetup.o)
                0x0000000000013f28                __swsetup_r
 .text          0x000000000001407c       0xf4 /home/nikhil/Projects/RISCV/toolchain/riscv-im/bin/../lib/gcc/riscv64-unknown-elf/5.2.0/../../../../riscv64-unknown-elf/lib/soft-float/32/libc.a(lib_a-__atexit.o)
                0x000000000001407c                __register_exitproc
 .text          0x0000000000014170     0x1700 /home/nikhil/Projects/RISCV/toolchain/riscv-im/bin/../lib/gcc/riscv64-unknown-elf/5.2.0/../../../../riscv64-unknown-elf/lib/soft-float/32/libc.a(lib_a-dtoa.o)
                0x0000000000014358                _dtoa_r
 .text          0x0000000000015870      0x30c /home/nikhil/Projects/RISCV/toolchain/riscv-im/bin/../lib/gcc/riscv64-unknown-elf/5.2.0/../../../../riscv64-unknown-elf/lib/soft-float/32/libc.a(lib_a-fflush.o)
                0x0000000000015870                __sflush_r
                0x0000000000015b00                _fflush_r
                0x0000000000015b5c                fflush
 .text          0x0000000000015b7c      0x374 /home/nikhil/Projects/RISCV/toolchain/riscv-im/bin/../lib/gcc/riscv64-unknown-elf/5.2.0/../../../../riscv64-unknown-elf/lib/soft-float/32/libc.a(lib_a-findfp.o)
                0x0000000000015b84                _cleanup_r
                0x0000000000015d28                __sfmoreglue
                0x0000000000015d98                __sfp
                0x0000000000015ea0                _cleanup
                0x0000000000015eb0                __sinit
                0x0000000000015ec0                __sfp_lock_acquire
                0x0000000000015ec4                __sfp_lock_release
                0x0000000000015ec8                __sinit_lock_acquire
                0x0000000000015ecc                __sinit_lock_release
                0x0000000000015ed0                __fp_lock_all
                0x0000000000015ee0                __fp_unlock_all
 .text          0x0000000000015ef0      0x3dc /home/nikhil/Projects/RISCV/toolchain/riscv-im/bin/../lib/gcc/riscv64-unknown-elf/5.2.0/../../../../riscv64-unknown-elf/lib/soft-float/32/libc.a(lib_a-freer.o)
                0x0000000000015ef0                _malloc_trim_r
                0x0000000000015ff0                _free_r
 .text          0x00000000000162cc      0x170 /home/nikhil/Projects/RISCV/toolchain/riscv-im/bin/../lib/gcc/riscv64-unknown-elf/5.2.0/../../../../riscv64-unknown-elf/lib/soft-float/32/libc.a(lib_a-fwalk.o)
                0x00000000000162cc                _fwalk
                0x000000000001637c                _fwalk_reent
 .text          0x000000000001643c        0x0 /home/nikhil/Projects/RISCV/toolchain/riscv-im/bin/../lib/gcc/riscv64-unknown-elf/5.2.0/../../../../riscv64-unknown-elf/lib/soft-float/32/libc.a(lib_a-impure.o)
 .text          0x000000000001643c       0xc8 /home/nikhil/Projects/RISCV/toolchain/riscv-im/bin/../lib/gcc/riscv64-unknown-elf/5.2.0/../../../../riscv64-unknown-elf/lib/soft-float/32/libc.a(lib_a-locale.o)
                0x000000000001643c                _setlocale_r
                0x00000000000164b4                __locale_charset
                0x00000000000164c0                __locale_mb_cur_max
                0x00000000000164c8                __locale_msgcharset
                0x00000000000164d4                __locale_cjk_lang
                0x00000000000164dc                _localeconv_r
                0x00000000000164e8                setlocale
                0x00000000000164f8                localeconv
 .text          0x0000000000016504      0x190 /home/nikhil/Projects/RISCV/toolchain/riscv-im/bin/../lib/gcc/riscv64-unknown-elf/5.2.0/../../../../riscv64-unknown-elf/lib/soft-float/32/libc.a(lib_a-makebuf.o)
                0x0000000000016504                __smakebuf_r
 .text          0x0000000000016694      0x778 /home/nikhil/Projects/RISCV/toolchain/riscv-im/bin/../lib/gcc/riscv64-unknown-elf/5.2.0/../../../../riscv64-unknown-elf/lib/soft-float/32/libc.a(lib_a-mallocr.o)
                0x0000000000016694                _malloc_r
 .text          0x0000000000016e0c       0xd4 /home/nikhil/Projects/RISCV/toolchain/riscv-im/bin/../lib/gcc/riscv64-unknown-elf/5.2.0/../../../../riscv64-unknown-elf/lib/soft-float/32/libc.a(lib_a-memchr.o)
                0x0000000000016e0c                memchr
 .text          0x0000000000016ee0      0x120 /home/nikhil/Projects/RISCV/toolchain/riscv-im/bin/../lib/gcc/riscv64-unknown-elf/5.2.0/../../../../riscv64-unknown-elf/lib/soft-float/32/libc.a(lib_a-memcpy.o)
                0x0000000000016ee0                memcpy
 .text          0x0000000000017000       0xdc /home/nikhil/Projects/RISCV/toolchain/riscv-im/bin/../lib/gcc/riscv64-unknown-elf/5.2.0/../../../../riscv64-unknown-elf/lib/soft-float/32/libc.a(lib_a-memset.o)
                0x0000000000017000                memset
 .text          0x00000000000170dc        0x8 /home/nikhil/Projects/RISCV/toolchain/riscv-im/bin/../lib/gcc/riscv64-unknown-elf/5.2.0/../../../../riscv64-unknown-elf/lib/soft-float/32/libc.a(lib_a-mlock.o)
                0x00000000000170dc                __malloc_lock
                0x00000000000170e0                __malloc_unlock
 .text          0x00000000000170e4     0x1004 /home/nikhil/Projects/RISCV/toolchain/riscv-im/bin/../lib/gcc/riscv64-unknown-elf/5.2.0/../../../../riscv64-unknown-elf/lib/soft-float/32/libc.a(lib_a-mprec.o)
                0x00000000000170e4                _Balloc
                0x0000000000017188                _Bfree
                0x00000000000171ac                __multadd
                0x00000000000172bc                __s2b
                0x00000000000173c0                __hi0bits
                0x000000000001743c                __lo0bits
                0x00000000000174ec                __i2b
                0x0000000000017520                __multiply
                0x0000000000017710                __pow5mult
                0x0000000000017848                __lshift
                0x0000000000017998                __mcmp
                0x00000000000179f8                __mdiff
                0x0000000000017be8                __ulp
                0x0000000000017c64                __b2d
                0x0000000000017d94                __d2b
                0x0000000000017ed8                __ratio
                0x0000000000017f84                _mprec_log10
                0x0000000000017ffc                __copybits
                0x0000000000018064                __any_on
 .text          0x00000000000180e8       0x74 /home/nikhil/Projects/RISCV/toolchain/riscv-im/bin/../lib/gcc/riscv64-unknown-elf/5.2.0/../../../../riscv64-unknown-elf/lib/soft-float/32/libc.a(lib_a-s_fpclassify.o)
                0x00000000000180e8                __fpclassifyd
 .text          0x000000000001815c      0x170 /home/nikhil/Projects/RISCV/toolchain/riscv-im/bin/../lib/gcc/riscv64-unknown-elf/5.2.0/../../../../riscv64-unknown-elf/lib/soft-float/32/libc.a(lib_a-stdio.o)
                0x000000000001815c                __sread
                0x00000000000181d8                __seofread
                0x00000000000181e0                __swrite
                0x0000000000018258                __sseek
                0x00000000000182c4                __sclose
 .text          0x00000000000182cc      0x114 /home/nikhil/Projects/RISCV/toolchain/riscv-im/bin/../lib/gcc/riscv64-unknown-elf/5.2.0/../../../../riscv64-unknown-elf/lib/soft-float/32/libc.a(lib_a-strcmp.o)
                0x00000000000182cc                strcmp
 .text          0x00000000000183e0       0x90 /home/nikhil/Projects/RISCV/toolchain/riscv-im/bin/../lib/gcc/riscv64-unknown-elf/5.2.0/../../../../riscv64-unknown-elf/lib/soft-float/32/libc.a(lib_a-strlen.o)
                0x00000000000183e0                strlen
 .text          0x0000000000018470     0x11e8 /home/nikhil/Projects/RISCV/toolchain/riscv-im/bin/../lib/gcc/riscv64-unknown-elf/5.2.0/../../../../riscv64-unknown-elf/lib/soft-float/32/libc.a(lib_a-vfiprintf.o)
                0x0000000000018558                __sprint_r
                0x0000000000018570                _vfiprintf_r
                0x0000000000019584                vfiprintf
 .text          0x0000000000019658       0xb4 /home/nikhil/Projects/RISCV/toolchain/riscv-im/bin/../lib/gcc/riscv64-unknown-elf/5.2.0/../../../../riscv64-unknown-elf/lib/soft-float/32/libc.a(lib_a-callocr.o)
                0x0000000000019658                _calloc_r
 .text          0x000000000001970c       0xfc /home/nikhil/Projects/RISCV/toolchain/riscv-im/bin/../lib/gcc/riscv64-unknown-elf/5.2.0/../../../../riscv64-unknown-elf/lib/soft-float/32/libc.a(lib_a-fclose.o)
                0x000000000001970c                _fclose_r
                0x00000000000197fc                fclose
 .text          0x0000000000019808      0x204 /home/nikhil/Projects/RISCV/toolchain/riscv-im/bin/../lib/gcc/riscv64-unknown-elf/5.2.0/../../../../riscv64-unknown-elf/lib/soft-float/32/libc.a(lib_a-fputwc.o)
                0x0000000000019808                __fputwc
                0x0000000000019968                _fputwc_r
                0x0000000000019990                fputwc
 .text          0x0000000000019a0c      0x498 /home/nikhil/Projects/RISCV/toolchain/riscv-im/bin/../lib/gcc/riscv64-unknown-elf/5.2.0/../../../../riscv64-unknown-elf/lib/soft-float/32/libc.a(lib_a-fvwrite.o)
                0x0000000000019a0c                __sfvwrite_r
 .text          0x0000000000019ea4      0x120 /home/nikhil/Projects/RISCV/toolchain/riscv-im/bin/../lib/gcc/riscv64-unknown-elf/5.2.0/../../../../riscv64-unknown-elf/lib/soft-float/32/libc.a(lib_a-memmove.o)
                0x0000000000019ea4                memmove
 .text          0x0000000000019fc4      0x588 /home/nikhil/Projects/RISCV/toolchain/riscv-im/bin/../lib/gcc/riscv64-unknown-elf/5.2.0/../../../../riscv64-unknown-elf/lib/soft-float/32/libc.a(lib_a-reallocr.o)
                0x0000000000019fc4                _realloc_r
 .text          0x000000000001a54c      0x170 /home/nikhil/Projects/RISCV/toolchain/riscv-im/bin/../lib/gcc/riscv64-unknown-elf/5.2.0/../../../../riscv64-unknown-elf/lib/soft-float/32/libc.a(lib_a-wbuf.o)
                0x000000000001a54c                __swbuf_r
                0x000000000001a6ac                __swbuf
 .text          0x000000000001a6bc      0x13c /home/nikhil/Projects/RISCV/toolchain/riscv-im/bin/../lib/gcc/riscv64-unknown-elf/5.2.0/../../../../riscv64-unknown-elf/lib/soft-float/32/libc.a(lib_a-wcrtomb.o)
                0x000000000001a6bc                _wcrtomb_r
                0x000000000001a750                wcrtomb
 .text          0x000000000001a7f8       0x8c /home/nikhil/Projects/RISCV/toolchain/riscv-im/bin/../lib/gcc/riscv64-unknown-elf/5.2.0/../../../../riscv64-unknown-elf/lib/soft-float/32/libc.a(lib_a-wctomb_r.o)
                0x000000000001a7f8                __ascii_wctomb
                0x000000000001a828                _wctomb_r
 .text          0x000000000001a884     0x107c /home/nikhil/Projects/RISCV/toolchain/riscv-im/bin/../lib/gcc/riscv64-unknown-elf/5.2.0/soft-float/32/libgcc.a(dp-bit.o)
                0x000000000001abd4                __pack_d
                0x000000000001ae18                __unpack_d
                0x000000000001af38                __adddf3
                0x000000000001af88                __subdf3
                0x000000000001afe4                __muldf3
                0x000000000001b248                __divdf3
                0x000000000001b3ec                __fpcmp_parts_d
                0x000000000001b4d4                __cmpdf2
                0x000000000001b51c                __gedf2
                0x000000000001b57c                __gtdf2
                0x000000000001b580                __ledf2
                0x000000000001b5dc                __ltdf2
                0x000000000001b5e0                __nedf2
                0x000000000001b5e4                __eqdf2
                0x000000000001b5e8                __unorddf2
                0x000000000001b638                __floatsidf
                0x000000000001b6f8                __floatunsidf
                0x000000000001b780                __fixdfsi
                0x000000000001b83c                __negdf2
                0x000000000001b878                __make_dp
                0x000000000001b8a8                __truncdfsf2
 .text          0x000000000001b900       0x70 /home/nikhil/Projects/RISCV/toolchain/riscv-im/bin/../lib/gcc/riscv64-unknown-elf/5.2.0/soft-float/32/libgcc.a(_clzsi2.o)
                0x000000000001b900                __clzsi2
 .text          0x000000000001b970      0xbec /home/nikhil/Projects/RISCV/toolchain/riscv-im/bin/../lib/gcc/riscv64-unknown-elf/5.2.0/soft-float/32/libgcc.a(fp-bit.o)
                0x000000000001bb38                __pack_f
                0x000000000001bc94                __unpack_f
                0x000000000001bd6c                __addsf3
                0x000000000001bdb4                __subsf3
                0x000000000001be08                __mulsf3
                0x000000000001bfac                __divsf3
                0x000000000001c0d8                __fpcmp_parts_f
                0x000000000001c1ac                __cmpsf2
                0x000000000001c1ec                __gesf2
                0x000000000001c244                __gtsf2
                0x000000000001c248                __lesf2
                0x000000000001c29c                __ltsf2
                0x000000000001c2a0                __nesf2
                0x000000000001c2a4                __eqsf2
                0x000000000001c2a8                __unordsf2
                0x000000000001c2f0                __floatsisf
                0x000000000001c394                __floatunsisf
                0x000000000001c42c                __fixsfsi
                0x000000000001c4b8                __negsf2
                0x000000000001c4f0                __make_fp
                0x000000000001c51c                __extendsfdf2
 .text          0x000000000001c55c        0x0 /home/nikhil/Projects/RISCV/toolchain/riscv-im/bin/../lib/gcc/riscv64-unknown-elf/5.2.0/soft-float/32/crtend.o
 *(.text.*)
 *(.gnu.linkonce.t.*)

.init
 *(.init)

.fini
 *(.fini)

.rodata         0x000000000001c560      0x7f4
 *(.rdata)
 *(.rodata)
 .rodata        0x000000000001c560      0x231 /tmp/ccmVxZBw.o
 *fill*         0x000000000001c791        0x3 
 .rodata        0x000000000001c794      0x100 /home/nikhil/Projects/RISCV/toolchain/riscv-im/bin/../lib/gcc/riscv64-unknown-elf/5.2.0/soft-float/32/libgcc.a(_clz.o)
                0x000000000001c794                __clz_tab
 .rodata        0x000000000001c894      0x184 /home/nikhil/Projects/RISCV/toolchain/riscv-im/bin/../lib/gcc/riscv64-unknown-elf/5.2.0/../../../../riscv64-unknown-elf/lib/soft-float/32/libc.a(lib_a-vfprintf.o)
 .rodata        0x000000000001ca18      0x128 /home/nikhil/Projects/RISCV/toolchain/riscv-im/bin/../lib/gcc/riscv64-unknown-elf/5.2.0/../../../../riscv64-unknown-elf/lib/soft-float/32/libc.a(lib_a-mprec.o)
                0x000000000001ca28                __mprec_tens
                0x000000000001caf0                __mprec_tinytens
                0x000000000001cb18                __mprec_bigtens
 .rodata        0x000000000001cb40      0x184 /home/nikhil/Projects/RISCV/toolchain/riscv-im/bin/../lib/gcc/riscv64-unknown-elf/5.2.0/../../../../riscv64-unknown-elf/lib/soft-float/32/libc.a(lib_a-vfiprintf.o)
 *fill*         0x000000000001ccc4        0x4 
 .rodata        0x000000000001ccc8       0x18 /home/nikhil/Projects/RISCV/toolchain/riscv-im/bin/../lib/gcc/riscv64-unknown-elf/5.2.0/soft-float/32/libgcc.a(dp-bit.o)
                0x000000000001ccc8                __thenan_df
 .rodata        0x000000000001cce0       0x10 /home/nikhil/Projects/RISCV/toolchain/riscv-im/bin/../lib/gcc/riscv64-unknown-elf/5.2.0/soft-float/32/libgcc.a(fp-bit.o)
                0x000000000001cce0                __thenan_sf
 *(.rodata.*)
 .rodata.str1.4
                0x000000000001ccf0       0x42 /home/nikhil/Projects/RISCV/toolchain/riscv-im/bin/../lib/gcc/riscv64-unknown-elf/5.2.0/../../../../riscv64-unknown-elf/lib/soft-float/32/libc.a(lib_a-vfprintf.o)
 *fill*         0x000000000001cd32        0x2 
 .rodata.str1.4
                0x000000000001cd34       0x10 /home/nikhil/Projects/RISCV/toolchain/riscv-im/bin/../lib/gcc/riscv64-unknown-elf/5.2.0/../../../../riscv64-unknown-elf/lib/soft-float/32/libc.a(lib_a-dtoa.o)
                                         0x12 (size before relaxing)
 .rodata.str1.4
                0x000000000001cd44        0x2 /home/nikhil/Projects/RISCV/toolchain/riscv-im/bin/../lib/gcc/riscv64-unknown-elf/5.2.0/../../../../riscv64-unknown-elf/lib/soft-float/32/libc.a(lib_a-impure.o)
 *fill*         0x000000000001cd46        0x2 
 .rodata.str1.4
                0x000000000001cd48        0xc /home/nikhil/Projects/RISCV/toolchain/riscv-im/bin/../lib/gcc/riscv64-unknown-elf/5.2.0/../../../../riscv64-unknown-elf/lib/soft-float/32/libc.a(lib_a-locale.o)
                                         0x12 (size before relaxing)
 .rodata.str1.4
                0x000000000001cd54       0x2f /home/nikhil/Projects/RISCV/toolchain/riscv-im/bin/../lib/gcc/riscv64-unknown-elf/5.2.0/../../../../riscv64-unknown-elf/lib/soft-float/32/libc.a(lib_a-vfiprintf.o)
 *(.gnu.linkonce.r.*)
                0x000000000001cd83                PROVIDE (etext, .)
                0x000000000001cd83                _etext = .

.preinit_array  0x000000000001cd54        0x0
                0x000000000001cd54                PROVIDE (__preinit_array_start, .)
 *(.preinit_array)
                0x000000000001cd54                PROVIDE (__preinit_array_end, .)

.init_array     0x000000000001cd54        0x8
                0x000000000001cd54                PROVIDE (__init_array_start, .)
 *(SORT(.init_array.*))
 *(.init_array)
 .init_array    0x000000000001cd54        0x4 /home/nikhil/Projects/RISCV/toolchain/riscv-im/bin/../lib/gcc/riscv64-unknown-elf/5.2.0/soft-float/32/crtbegin.o
 .init_array    0x000000000001cd58        0x4 ../lib/ns16550.o
                0x000000000001cd5c                PROVIDE (__init_array_end, .)

.fini_array     0x000000000001cd5c        0x4
                0x000000000001cd5c                PROVIDE (__fini_array_start, .)
 *(SORT(.fini_array.*))
 *(.fini_array)
 .fini_array    0x000000000001cd5c        0x4 /home/nikhil/Projects/RISCV/toolchain/riscv-im/bin/../lib/gcc/riscv64-unknown-elf/5.2.0/soft-float/32/crtbegin.o
                0x000000000001cd60                PROVIDE (__fini_array_end, .)

.eh_frame_hdr
 *(.eh_frame_hdr)

.eh_frame       0x000000000001cd60     0x13e0
 *(.eh_frame)
 .eh_frame      0x000000000001cd60        0x0 /home/nikhil/Projects/RISCV/toolchain/riscv-im/bin/../lib/gcc/riscv64-unknown-elf/5.2.0/soft-float/32/crtbegin.o
 .eh_frame      0x000000000001cd60      0x260 ../lib/syscalls.o
 .eh_frame      0x000000000001cfc0       0x78 ../lib/htif.o
                                         0x8c (size before relaxing)
 .eh_frame      0x000000000001d038       0x54 ../lib/riscv_counters.o
                                         0x68 (size before relaxing)
 .eh_frame      0x000000000001d08c       0x8c ../lib/ns16550.o
                                         0xa0 (size before relaxing)
 .eh_frame      0x000000000001d118       0x78 /tmp/ccmVxZBw.o
                                         0x8c (size before relaxing)
 .eh_frame      0x000000000001d190       0x14 /home/nikhil/Projects/RISCV/toolchain/riscv-im/bin/../lib/gcc/riscv64-unknown-elf/5.2.0/soft-float/32/libgcc.a(_divdi3.o)
                                         0x28 (size before relaxing)
 .eh_frame      0x000000000001d1a4       0x14 /home/nikhil/Projects/RISCV/toolchain/riscv-im/bin/../lib/gcc/riscv64-unknown-elf/5.2.0/soft-float/32/libgcc.a(_moddi3.o)
                                         0x28 (size before relaxing)
 .eh_frame      0x000000000001d1b8       0x14 /home/nikhil/Projects/RISCV/toolchain/riscv-im/bin/../lib/gcc/riscv64-unknown-elf/5.2.0/../../../../riscv64-unknown-elf/lib/soft-float/32/libc.a(lib_a-atexit.o)
                                         0x28 (size before relaxing)
 .eh_frame      0x000000000001d1cc       0x20 /home/nikhil/Projects/RISCV/toolchain/riscv-im/bin/../lib/gcc/riscv64-unknown-elf/5.2.0/../../../../riscv64-unknown-elf/lib/soft-float/32/libc.a(lib_a-fini.o)
                                         0x34 (size before relaxing)
 .eh_frame      0x000000000001d1ec       0x24 /home/nikhil/Projects/RISCV/toolchain/riscv-im/bin/../lib/gcc/riscv64-unknown-elf/5.2.0/../../../../riscv64-unknown-elf/lib/soft-float/32/libc.a(lib_a-init.o)
                                         0x38 (size before relaxing)
 .eh_frame      0x000000000001d210       0x30 /home/nikhil/Projects/RISCV/toolchain/riscv-im/bin/../lib/gcc/riscv64-unknown-elf/5.2.0/../../../../riscv64-unknown-elf/lib/soft-float/32/libc.a(lib_a-printf.o)
                                         0x44 (size before relaxing)
 .eh_frame      0x000000000001d240       0x78 /home/nikhil/Projects/RISCV/toolchain/riscv-im/bin/../lib/gcc/riscv64-unknown-elf/5.2.0/../../../../riscv64-unknown-elf/lib/soft-float/32/libc.a(lib_a-vfprintf.o)
                                         0x8c (size before relaxing)
 .eh_frame      0x000000000001d2b8       0x20 /home/nikhil/Projects/RISCV/toolchain/riscv-im/bin/../lib/gcc/riscv64-unknown-elf/5.2.0/../../../../riscv64-unknown-elf/lib/soft-float/32/libc.a(lib_a-wsetup.o)
                                         0x34 (size before relaxing)
 .eh_frame      0x000000000001d2d8       0x20 /home/nikhil/Projects/RISCV/toolchain/riscv-im/bin/../lib/gcc/riscv64-unknown-elf/5.2.0/../../../../riscv64-unknown-elf/lib/soft-float/32/libc.a(lib_a-__atexit.o)
                                         0x34 (size before relaxing)
 .eh_frame      0x000000000001d2f8       0x6c /home/nikhil/Projects/RISCV/toolchain/riscv-im/bin/../lib/gcc/riscv64-unknown-elf/5.2.0/../../../../riscv64-unknown-elf/lib/soft-float/32/libc.a(lib_a-dtoa.o)
                                         0x80 (size before relaxing)
 .eh_frame      0x000000000001d364       0x54 /home/nikhil/Projects/RISCV/toolchain/riscv-im/bin/../lib/gcc/riscv64-unknown-elf/5.2.0/../../../../riscv64-unknown-elf/lib/soft-float/32/libc.a(lib_a-fflush.o)
                                         0x68 (size before relaxing)
 .eh_frame      0x000000000001d3b8      0x158 /home/nikhil/Projects/RISCV/toolchain/riscv-im/bin/../lib/gcc/riscv64-unknown-elf/5.2.0/../../../../riscv64-unknown-elf/lib/soft-float/32/libc.a(lib_a-findfp.o)
                                        0x16c (size before relaxing)
 .eh_frame      0x000000000001d510       0x5c /home/nikhil/Projects/RISCV/toolchain/riscv-im/bin/../lib/gcc/riscv64-unknown-elf/5.2.0/../../../../riscv64-unknown-elf/lib/soft-float/32/libc.a(lib_a-freer.o)
                                         0x70 (size before relaxing)
 .eh_frame      0x000000000001d56c       0x64 /home/nikhil/Projects/RISCV/toolchain/riscv-im/bin/../lib/gcc/riscv64-unknown-elf/5.2.0/../../../../riscv64-unknown-elf/lib/soft-float/32/libc.a(lib_a-fwalk.o)
                                         0x78 (size before relaxing)
 .eh_frame      0x000000000001d5d0       0xac /home/nikhil/Projects/RISCV/toolchain/riscv-im/bin/../lib/gcc/riscv64-unknown-elf/5.2.0/../../../../riscv64-unknown-elf/lib/soft-float/32/libc.a(lib_a-locale.o)
                                         0xc0 (size before relaxing)
 .eh_frame      0x000000000001d67c       0x28 /home/nikhil/Projects/RISCV/toolchain/riscv-im/bin/../lib/gcc/riscv64-unknown-elf/5.2.0/../../../../riscv64-unknown-elf/lib/soft-float/32/libc.a(lib_a-makebuf.o)
                                         0x3c (size before relaxing)
 .eh_frame      0x000000000001d6a4       0x38 /home/nikhil/Projects/RISCV/toolchain/riscv-im/bin/../lib/gcc/riscv64-unknown-elf/5.2.0/../../../../riscv64-unknown-elf/lib/soft-float/32/libc.a(lib_a-mallocr.o)
                                         0x4c (size before relaxing)
 .eh_frame      0x000000000001d6dc       0x14 /home/nikhil/Projects/RISCV/toolchain/riscv-im/bin/../lib/gcc/riscv64-unknown-elf/5.2.0/../../../../riscv64-unknown-elf/lib/soft-float/32/libc.a(lib_a-memchr.o)
                                         0x28 (size before relaxing)
 .eh_frame      0x000000000001d6f0       0x14 /home/nikhil/Projects/RISCV/toolchain/riscv-im/bin/../lib/gcc/riscv64-unknown-elf/5.2.0/../../../../riscv64-unknown-elf/lib/soft-float/32/libc.a(lib_a-memcpy.o)
                                         0x28 (size before relaxing)
 .eh_frame      0x000000000001d704       0x28 /home/nikhil/Projects/RISCV/toolchain/riscv-im/bin/../lib/gcc/riscv64-unknown-elf/5.2.0/../../../../riscv64-unknown-elf/lib/soft-float/32/libc.a(lib_a-mlock.o)
                                         0x3c (size before relaxing)
 .eh_frame      0x000000000001d72c      0x264 /home/nikhil/Projects/RISCV/toolchain/riscv-im/bin/../lib/gcc/riscv64-unknown-elf/5.2.0/../../../../riscv64-unknown-elf/lib/soft-float/32/libc.a(lib_a-mprec.o)
                                        0x278 (size before relaxing)
 .eh_frame      0x000000000001d990       0x14 /home/nikhil/Projects/RISCV/toolchain/riscv-im/bin/../lib/gcc/riscv64-unknown-elf/5.2.0/../../../../riscv64-unknown-elf/lib/soft-float/32/libc.a(lib_a-s_fpclassify.o)
                                         0x28 (size before relaxing)
 .eh_frame      0x000000000001d9a4       0x84 /home/nikhil/Projects/RISCV/toolchain/riscv-im/bin/../lib/gcc/riscv64-unknown-elf/5.2.0/../../../../riscv64-unknown-elf/lib/soft-float/32/libc.a(lib_a-stdio.o)
                                         0x98 (size before relaxing)
 .eh_frame      0x000000000001da28       0x14 /home/nikhil/Projects/RISCV/toolchain/riscv-im/bin/../lib/gcc/riscv64-unknown-elf/5.2.0/../../../../riscv64-unknown-elf/lib/soft-float/32/libc.a(lib_a-strlen.o)
                                         0x28 (size before relaxing)
 .eh_frame      0x000000000001da3c       0xbc /home/nikhil/Projects/RISCV/toolchain/riscv-im/bin/../lib/gcc/riscv64-unknown-elf/5.2.0/../../../../riscv64-unknown-elf/lib/soft-float/32/libc.a(lib_a-vfiprintf.o)
                                         0xd0 (size before relaxing)
 .eh_frame      0x000000000001daf8       0x1c /home/nikhil/Projects/RISCV/toolchain/riscv-im/bin/../lib/gcc/riscv64-unknown-elf/5.2.0/../../../../riscv64-unknown-elf/lib/soft-float/32/libc.a(lib_a-callocr.o)
                                         0x30 (size before relaxing)
 .eh_frame      0x000000000001db14       0x40 /home/nikhil/Projects/RISCV/toolchain/riscv-im/bin/../lib/gcc/riscv64-unknown-elf/5.2.0/../../../../riscv64-unknown-elf/lib/soft-float/32/libc.a(lib_a-fclose.o)
                                         0x54 (size before relaxing)
 .eh_frame      0x000000000001db54       0x64 /home/nikhil/Projects/RISCV/toolchain/riscv-im/bin/../lib/gcc/riscv64-unknown-elf/5.2.0/../../../../riscv64-unknown-elf/lib/soft-float/32/libc.a(lib_a-fputwc.o)
                                         0x78 (size before relaxing)
 .eh_frame      0x000000000001dbb8       0x74 /home/nikhil/Projects/RISCV/toolchain/riscv-im/bin/../lib/gcc/riscv64-unknown-elf/5.2.0/../../../../riscv64-unknown-elf/lib/soft-float/32/libc.a(lib_a-fvwrite.o)
                                         0x88 (size before relaxing)
 .eh_frame      0x000000000001dc2c       0x14 /home/nikhil/Projects/RISCV/toolchain/riscv-im/bin/../lib/gcc/riscv64-unknown-elf/5.2.0/../../../../riscv64-unknown-elf/lib/soft-float/32/libc.a(lib_a-memmove.o)
                                         0x28 (size before relaxing)
 .eh_frame      0x000000000001dc40       0x38 /home/nikhil/Projects/RISCV/toolchain/riscv-im/bin/../lib/gcc/riscv64-unknown-elf/5.2.0/../../../../riscv64-unknown-elf/lib/soft-float/32/libc.a(lib_a-reallocr.o)
                                         0x4c (size before relaxing)
 .eh_frame      0x000000000001dc78       0x38 /home/nikhil/Projects/RISCV/toolchain/riscv-im/bin/../lib/gcc/riscv64-unknown-elf/5.2.0/../../../../riscv64-unknown-elf/lib/soft-float/32/libc.a(lib_a-wbuf.o)
                                         0x4c (size before relaxing)
 .eh_frame      0x000000000001dcb0       0x4c /home/nikhil/Projects/RISCV/toolchain/riscv-im/bin/../lib/gcc/riscv64-unknown-elf/5.2.0/../../../../riscv64-unknown-elf/lib/soft-float/32/libc.a(lib_a-wcrtomb.o)
                                         0x60 (size before relaxing)
 .eh_frame      0x000000000001dcfc       0x38 /home/nikhil/Projects/RISCV/toolchain/riscv-im/bin/../lib/gcc/riscv64-unknown-elf/5.2.0/../../../../riscv64-unknown-elf/lib/soft-float/32/libc.a(lib_a-wctomb_r.o)
                                         0x4c (size before relaxing)
 .eh_frame      0x000000000001dd34      0x1f8 /home/nikhil/Projects/RISCV/toolchain/riscv-im/bin/../lib/gcc/riscv64-unknown-elf/5.2.0/soft-float/32/libgcc.a(dp-bit.o)
                                        0x20c (size before relaxing)
 .eh_frame      0x000000000001df2c       0x14 /home/nikhil/Projects/RISCV/toolchain/riscv-im/bin/../lib/gcc/riscv64-unknown-elf/5.2.0/soft-float/32/libgcc.a(_clzsi2.o)
                                         0x28 (size before relaxing)
 .eh_frame      0x000000000001df40      0x1fc /home/nikhil/Projects/RISCV/toolchain/riscv-im/bin/../lib/gcc/riscv64-unknown-elf/5.2.0/soft-float/32/libgcc.a(fp-bit.o)
                                        0x210 (size before relaxing)
 .eh_frame      0x000000000001e13c        0x4 /home/nikhil/Projects/RISCV/toolchain/riscv-im/bin/../lib/gcc/riscv64-unknown-elf/5.2.0/soft-float/32/crtend.o

.gcc_except_table
 *(.gcc_except_table)

.jcr            0x000000000001e140        0x4
 *(.jcr)
 .jcr           0x000000000001e140        0x0 /home/nikhil/Projects/RISCV/toolchain/riscv-im/bin/../lib/gcc/riscv64-unknown-elf/5.2.0/soft-float/32/crtbegin.o
 .jcr           0x000000000001e140        0x4 /home/nikhil/Projects/RISCV/toolchain/riscv-im/bin/../lib/gcc/riscv64-unknown-elf/5.2.0/soft-float/32/crtend.o
                0x000000000001e150                . = ALIGN (0x10)
                0x000000000001e150                _fdata = .

.data           0x000000000001e150    0x29e90
 *(.data)
 .data          0x000000000001e150        0x0 /home/nikhil/Projects/RISCV/toolchain/riscv-im/bin/../lib/gcc/riscv64-unknown-elf/5.2.0/../../../../riscv64-unknown-elf/lib/soft-float/32/crt0.o
 .data          0x000000000001e150        0x0 /home/nikhil/Projects/RISCV/toolchain/riscv-im/bin/../lib/gcc/riscv64-unknown-elf/5.2.0/soft-float/32/crtbegin.o
 .data          0x000000000001e150        0x0 ../lib/startup.o
 .data          0x000000000001e150        0x0 ../lib/syscalls.o
 .data          0x000000000001e150        0x0 ../lib/htif.o
 .data          0x000000000001e150        0x0 ../lib/riscv_counters.o
 .data          0x000000000001e150        0x0 ../lib/ns16550.o
 .data          0x000000000001e150    0x295d0 /tmp/ccmVxZBw.o
                0x000000000001e150                opcode_names
                0x000000000001e19c                test_data32
                0x000000000002be20                test_data64
 .data          0x0000000000047720        0x0 /home/nikhil/Projects/RISCV/toolchain/riscv-im/bin/../lib/gcc/riscv64-unknown-elf/5.2.0/soft-float/32/libgcc.a(_divdi3.o)
 .data          0x0000000000047720        0x0 /home/nikhil/Projects/RISCV/toolchain/riscv-im/bin/../lib/gcc/riscv64-unknown-elf/5.2.0/soft-float/32/libgcc.a(_moddi3.o)
 .data          0x0000000000047720        0x0 /home/nikhil/Projects/RISCV/toolchain/riscv-im/bin/../lib/gcc/riscv64-unknown-elf/5.2.0/soft-float/32/libgcc.a(_clz.o)
 .data          0x0000000000047720        0x0 /home/nikhil/Projects/RISCV/toolchain/riscv-im/bin/../lib/gcc/riscv64-unknown-elf/5.2.0/../../../../riscv64-unknown-elf/lib/soft-float/32/libc.a(lib_a-atexit.o)
 .data          0x0000000000047720        0x0 /home/nikhil/Projects/RISCV/toolchain/riscv-im/bin/../lib/gcc/riscv64-unknown-elf/5.2.0/../../../../riscv64-unknown-elf/lib/soft-float/32/libc.a(lib_a-fini.o)
 .data          0x0000000000047720        0x0 /home/nikhil/Projects/RISCV/toolchain/riscv-im/bin/../lib/gcc/riscv64-unknown-elf/5.2.0/../../../../riscv64-unknown-elf/lib/soft-float/32/libc.a(lib_a-init.o)
 .data          0x0000000000047720        0x0 /home/nikhil/Projects/RISCV/toolchain/riscv-im/bin/../lib/gcc/riscv64-unknown-elf/5.2.0/../../../../riscv64-unknown-elf/lib/soft-float/32/libc.a(lib_a-printf.o)
 .data          0x0000000000047720        0x0 /home/nikhil/Projects/RISCV/toolchain/riscv-im/bin/../lib/gcc/riscv64-unknown-elf/5.2.0/../../../../riscv64-unknown-elf/lib/soft-float/32/libc.a(lib_a-vfprintf.o)
 .data          0x0000000000047720        0x0 /home/nikhil/Projects/RISCV/toolchain/riscv-im/bin/../lib/gcc/riscv64-unknown-elf/5.2.0/../../../../riscv64-unknown-elf/lib/soft-float/32/libc.a(lib_a-wsetup.o)
 .data          0x0000000000047720        0x0 /home/nikhil/Projects/RISCV/toolchain/riscv-im/bin/../lib/gcc/riscv64-unknown-elf/5.2.0/../../../../riscv64-unknown-elf/lib/soft-float/32/libc.a(lib_a-__atexit.o)
 .data          0x0000000000047720        0x0 /home/nikhil/Projects/RISCV/toolchain/riscv-im/bin/../lib/gcc/riscv64-unknown-elf/5.2.0/../../../../riscv64-unknown-elf/lib/soft-float/32/libc.a(lib_a-dtoa.o)
 .data          0x0000000000047720        0x0 /home/nikhil/Projects/RISCV/toolchain/riscv-im/bin/../lib/gcc/riscv64-unknown-elf/5.2.0/../../../../riscv64-unknown-elf/lib/soft-float/32/libc.a(lib_a-fflush.o)
 .data          0x0000000000047720        0x0 /home/nikhil/Projects/RISCV/toolchain/riscv-im/bin/../lib/gcc/riscv64-unknown-elf/5.2.0/../../../../riscv64-unknown-elf/lib/soft-float/32/libc.a(lib_a-findfp.o)
 .data          0x0000000000047720        0x0 /home/nikhil/Projects/RISCV/toolchain/riscv-im/bin/../lib/gcc/riscv64-unknown-elf/5.2.0/../../../../riscv64-unknown-elf/lib/soft-float/32/libc.a(lib_a-freer.o)
 .data          0x0000000000047720        0x0 /home/nikhil/Projects/RISCV/toolchain/riscv-im/bin/../lib/gcc/riscv64-unknown-elf/5.2.0/../../../../riscv64-unknown-elf/lib/soft-float/32/libc.a(lib_a-fwalk.o)
 .data          0x0000000000047720      0x440 /home/nikhil/Projects/RISCV/toolchain/riscv-im/bin/../lib/gcc/riscv64-unknown-elf/5.2.0/../../../../riscv64-unknown-elf/lib/soft-float/32/libc.a(lib_a-impure.o)
 .data          0x0000000000047b60       0x78 /home/nikhil/Projects/RISCV/toolchain/riscv-im/bin/../lib/gcc/riscv64-unknown-elf/5.2.0/../../../../riscv64-unknown-elf/lib/soft-float/32/libc.a(lib_a-locale.o)
 .data          0x0000000000047bd8        0x0 /home/nikhil/Projects/RISCV/toolchain/riscv-im/bin/../lib/gcc/riscv64-unknown-elf/5.2.0/../../../../riscv64-unknown-elf/lib/soft-float/32/libc.a(lib_a-makebuf.o)
 .data          0x0000000000047bd8      0x408 /home/nikhil/Projects/RISCV/toolchain/riscv-im/bin/../lib/gcc/riscv64-unknown-elf/5.2.0/../../../../riscv64-unknown-elf/lib/soft-float/32/libc.a(lib_a-mallocr.o)
                0x0000000000047bd8                __malloc_av_
 .data          0x0000000000047fe0        0x0 /home/nikhil/Projects/RISCV/toolchain/riscv-im/bin/../lib/gcc/riscv64-unknown-elf/5.2.0/../../../../riscv64-unknown-elf/lib/soft-float/32/libc.a(lib_a-memchr.o)
 .data          0x0000000000047fe0        0x0 /home/nikhil/Projects/RISCV/toolchain/riscv-im/bin/../lib/gcc/riscv64-unknown-elf/5.2.0/../../../../riscv64-unknown-elf/lib/soft-float/32/libc.a(lib_a-memcpy.o)
 .data          0x0000000000047fe0        0x0 /home/nikhil/Projects/RISCV/toolchain/riscv-im/bin/../lib/gcc/riscv64-unknown-elf/5.2.0/../../../../riscv64-unknown-elf/lib/soft-float/32/libc.a(lib_a-memset.o)
 .data          0x0000000000047fe0        0x0 /home/nikhil/Projects/RISCV/toolchain/riscv-im/bin/../lib/gcc/riscv64-unknown-elf/5.2.0/../../../../riscv64-unknown-elf/lib/soft-float/32/libc.a(lib_a-mlock.o)
 .data          0x0000000000047fe0        0x0 /home/nikhil/Projects/RISCV/toolchain/riscv-im/bin/../lib/gcc/riscv64-unknown-elf/5.2.0/../../../../riscv64-unknown-elf/lib/soft-float/32/libc.a(lib_a-mprec.o)
 .data          0x0000000000047fe0        0x0 /home/nikhil/Projects/RISCV/toolchain/riscv-im/bin/../lib/gcc/riscv64-unknown-elf/5.2.0/../../../../riscv64-unknown-elf/lib/soft-float/32/libc.a(lib_a-s_fpclassify.o)
 .data          0x0000000000047fe0        0x0 /home/nikhil/Projects/RISCV/toolchain/riscv-im/bin/../lib/gcc/riscv64-unknown-elf/5.2.0/../../../../riscv64-unknown-elf/lib/soft-float/32/libc.a(lib_a-stdio.o)
 .data          0x0000000000047fe0        0x0 /home/nikhil/Projects/RISCV/toolchain/riscv-im/bin/../lib/gcc/riscv64-unknown-elf/5.2.0/../../../../riscv64-unknown-elf/lib/soft-float/32/libc.a(lib_a-strcmp.o)
 .data          0x0000000000047fe0        0x0 /home/nikhil/Projects/RISCV/toolchain/riscv-im/bin/../lib/gcc/riscv64-unknown-elf/5.2.0/../../../../riscv64-unknown-elf/lib/soft-float/32/libc.a(lib_a-strlen.o)
 .data          0x0000000000047fe0        0x0 /home/nikhil/Projects/RISCV/toolchain/riscv-im/bin/../lib/gcc/riscv64-unknown-elf/5.2.0/../../../../riscv64-unknown-elf/lib/soft-float/32/libc.a(lib_a-vfiprintf.o)
 .data          0x0000000000047fe0        0x0 /home/nikhil/Projects/RISCV/toolchain/riscv-im/bin/../lib/gcc/riscv64-unknown-elf/5.2.0/../../../../riscv64-unknown-elf/lib/soft-float/32/libc.a(lib_a-callocr.o)
 .data          0x0000000000047fe0        0x0 /home/nikhil/Projects/RISCV/toolchain/riscv-im/bin/../lib/gcc/riscv64-unknown-elf/5.2.0/../../../../riscv64-unknown-elf/lib/soft-float/32/libc.a(lib_a-fclose.o)
 .data          0x0000000000047fe0        0x0 /home/nikhil/Projects/RISCV/toolchain/riscv-im/bin/../lib/gcc/riscv64-unknown-elf/5.2.0/../../../../riscv64-unknown-elf/lib/soft-float/32/libc.a(lib_a-fputwc.o)
 .data          0x0000000000047fe0        0x0 /home/nikhil/Projects/RISCV/toolchain/riscv-im/bin/../lib/gcc/riscv64-unknown-elf/5.2.0/../../../../riscv64-unknown-elf/lib/soft-float/32/libc.a(lib_a-fvwrite.o)
 .data          0x0000000000047fe0        0x0 /home/nikhil/Projects/RISCV/toolchain/riscv-im/bin/../lib/gcc/riscv64-unknown-elf/5.2.0/../../../../riscv64-unknown-elf/lib/soft-float/32/libc.a(lib_a-memmove.o)
 .data          0x0000000000047fe0        0x0 /home/nikhil/Projects/RISCV/toolchain/riscv-im/bin/../lib/gcc/riscv64-unknown-elf/5.2.0/../../../../riscv64-unknown-elf/lib/soft-float/32/libc.a(lib_a-reallocr.o)
 .data          0x0000000000047fe0        0x0 /home/nikhil/Projects/RISCV/toolchain/riscv-im/bin/../lib/gcc/riscv64-unknown-elf/5.2.0/../../../../riscv64-unknown-elf/lib/soft-float/32/libc.a(lib_a-wbuf.o)
 .data          0x0000000000047fe0        0x0 /home/nikhil/Projects/RISCV/toolchain/riscv-im/bin/../lib/gcc/riscv64-unknown-elf/5.2.0/../../../../riscv64-unknown-elf/lib/soft-float/32/libc.a(lib_a-wcrtomb.o)
 .data          0x0000000000047fe0        0x0 /home/nikhil/Projects/RISCV/toolchain/riscv-im/bin/../lib/gcc/riscv64-unknown-elf/5.2.0/../../../../riscv64-unknown-elf/lib/soft-float/32/libc.a(lib_a-wctomb_r.o)
 .data          0x0000000000047fe0        0x0 /home/nikhil/Projects/RISCV/toolchain/riscv-im/bin/../lib/gcc/riscv64-unknown-elf/5.2.0/soft-float/32/libgcc.a(dp-bit.o)
 .data          0x0000000000047fe0        0x0 /home/nikhil/Projects/RISCV/toolchain/riscv-im/bin/../lib/gcc/riscv64-unknown-elf/5.2.0/soft-float/32/libgcc.a(_clzsi2.o)
 .data          0x0000000000047fe0        0x0 /home/nikhil/Projects/RISCV/toolchain/riscv-im/bin/../lib/gcc/riscv64-unknown-elf/5.2.0/soft-float/32/libgcc.a(fp-bit.o)
 .data          0x0000000000047fe0        0x0 /home/nikhil/Projects/RISCV/toolchain/riscv-im/bin/../lib/gcc/riscv64-unknown-elf/5.2.0/soft-float/32/crtend.o
 *(.data.*)
 *(.gnu.linkonce.d.*)
                0x0000000000047fe0                PROVIDE (edata, .)
                0x0000000000047fe0                _edata = .

.tm_clone_table
                0x0000000000047fe0        0x0
 .tm_clone_table
                0x0000000000047fe0        0x0 /home/nikhil/Projects/RISCV/toolchain/riscv-im/bin/../lib/gcc/riscv64-unknown-elf/5.2.0/soft-float/32/crtbegin.o
 .tm_clone_table
                0x0000000000047fe0        0x0 /home/nikhil/Projects/RISCV/toolchain/riscv-im/bin/../lib/gcc/riscv64-unknown-elf/5.2.0/soft-float/32/crtend.o
                0x0000000000047fe0                . = ALIGN (0x10)
                0x00000000000487e0                _gp = (. + 0x800)

.sdata          0x0000000000047fe0       0x7c
 *(.sdata)
 .sdata         0x0000000000047fe0        0x4 /home/nikhil/Projects/RISCV/toolchain/riscv-im/bin/../lib/gcc/riscv64-unknown-elf/5.2.0/soft-float/32/crtbegin.o
                0x0000000000047fe0                __dso_handle
 .sdata         0x0000000000047fe4        0x4 ../lib/syscalls.o
                0x0000000000047fe4                environ
 .sdata         0x0000000000047fe8        0x4 ../lib/ns16550.o
 .sdata         0x0000000000047fec        0x8 /home/nikhil/Projects/RISCV/toolchain/riscv-im/bin/../lib/gcc/riscv64-unknown-elf/5.2.0/../../../../riscv64-unknown-elf/lib/soft-float/32/libc.a(lib_a-impure.o)
                0x0000000000047fec                _global_impure_ptr
                0x0000000000047ff0                _impure_ptr
 .sdata         0x0000000000047ff4        0x4 /home/nikhil/Projects/RISCV/toolchain/riscv-im/bin/../lib/gcc/riscv64-unknown-elf/5.2.0/../../../../riscv64-unknown-elf/lib/soft-float/32/libc.a(lib_a-locale.o)
                0x0000000000047ff4                __mb_cur_max
 .sdata         0x0000000000047ff8        0x8 /home/nikhil/Projects/RISCV/toolchain/riscv-im/bin/../lib/gcc/riscv64-unknown-elf/5.2.0/../../../../riscv64-unknown-elf/lib/soft-float/32/libc.a(lib_a-mallocr.o)
                0x0000000000047ff8                __malloc_sbrk_base
                0x0000000000047ffc                __malloc_trim_threshold
 .sdata         0x0000000000048000        0x4 /home/nikhil/Projects/RISCV/toolchain/riscv-im/bin/../lib/gcc/riscv64-unknown-elf/5.2.0/../../../../riscv64-unknown-elf/lib/soft-float/32/libc.a(lib_a-wctomb_r.o)
                0x0000000000048000                __wctomb
 *(.sdata.*)
 *(.srodata.*)
 *fill*         0x0000000000048004        0x4 
 .srodata.cst8  0x0000000000048008       0x48 /home/nikhil/Projects/RISCV/toolchain/riscv-im/bin/../lib/gcc/riscv64-unknown-elf/5.2.0/../../../../riscv64-unknown-elf/lib/soft-float/32/libc.a(lib_a-dtoa.o)
 .srodata.cst8  0x0000000000048050       0x10 /home/nikhil/Projects/RISCV/toolchain/riscv-im/bin/../lib/gcc/riscv64-unknown-elf/5.2.0/../../../../riscv64-unknown-elf/lib/soft-float/32/libc.a(lib_a-mprec.o)
 .srodata.cst8  0x0000000000048050        0x8 /home/nikhil/Projects/RISCV/toolchain/riscv-im/bin/../lib/gcc/riscv64-unknown-elf/5.2.0/soft-float/32/libgcc.a(dp-bit.o)
 .srodata.cst4  0x0000000000048058        0x4 /home/nikhil/Projects/RISCV/toolchain/riscv-im/bin/../lib/gcc/riscv64-unknown-elf/5.2.0/soft-float/32/libgcc.a(fp-bit.o)
 *(.gnu.linkonce.s.*)
                0x0000000000048060                . = ALIGN (0x8)
                0x0000000000048060                _fbss = .

.sbss           0x0000000000048060       0x1c
 *(.sbss)
 .sbss          0x0000000000048060        0x4 ../lib/syscalls.o
                0x0000000000048060                __env
 .sbss          0x0000000000048064        0xc /home/nikhil/Projects/RISCV/toolchain/riscv-im/bin/../lib/gcc/riscv64-unknown-elf/5.2.0/../../../../riscv64-unknown-elf/lib/soft-float/32/libc.a(lib_a-locale.o)
                0x0000000000048064                _PathLocale
                0x0000000000048068                __mlocale_changed
                0x000000000004806c                __nlocale_changed
 .sbss          0x0000000000048070        0xc /home/nikhil/Projects/RISCV/toolchain/riscv-im/bin/../lib/gcc/riscv64-unknown-elf/5.2.0/../../../../riscv64-unknown-elf/lib/soft-float/32/libc.a(lib_a-mallocr.o)
                0x0000000000048070                __malloc_max_total_mem
                0x0000000000048074                __malloc_max_sbrked_mem
                0x0000000000048078                __malloc_top_pad
 *(.sbss.*)
 *(.gnu.linkonce.sb.*)
                0x000000000004807c                . = .
                0x000000000004807c                _bss_start = .

.bss            0x000000000004807c       0x4c
 *(.bss)
 .bss           0x000000000004807c        0x0 /home/nikhil/Projects/RISCV/toolchain/riscv-im/bin/../lib/gcc/riscv64-unknown-elf/5.2.0/../../../../riscv64-unknown-elf/lib/soft-float/32/crt0.o
 .bss           0x000000000004807c       0x1c /home/nikhil/Projects/RISCV/toolchain/riscv-im/bin/../lib/gcc/riscv64-unknown-elf/5.2.0/soft-float/32/crtbegin.o
 .bss           0x0000000000048098        0x0 ../lib/startup.o
 .bss           0x0000000000048098        0x4 ../lib/syscalls.o
 .bss           0x000000000004809c        0x0 ../lib/htif.o
 .bss           0x000000000004809c        0x0 ../lib/riscv_counters.o
 .bss           0x000000000004809c        0x0 ../lib/ns16550.o
 .bss           0x000000000004809c        0x0 /tmp/ccmVxZBw.o
 .bss           0x000000000004809c        0x0 /home/nikhil/Projects/RISCV/toolchain/riscv-im/bin/../lib/gcc/riscv64-unknown-elf/5.2.0/soft-float/32/libgcc.a(_divdi3.o)
 .bss           0x000000000004809c        0x0 /home/nikhil/Projects/RISCV/toolchain/riscv-im/bin/../lib/gcc/riscv64-unknown-elf/5.2.0/soft-float/32/libgcc.a(_moddi3.o)
 .bss           0x000000000004809c        0x0 /home/nikhil/Projects/RISCV/toolchain/riscv-im/bin/../lib/gcc/riscv64-unknown-elf/5.2.0/soft-float/32/libgcc.a(_clz.o)
 .bss           0x000000000004809c        0x0 /home/nikhil/Projects/RISCV/toolchain/riscv-im/bin/../lib/gcc/riscv64-unknown-elf/5.2.0/../../../../riscv64-unknown-elf/lib/soft-float/32/libc.a(lib_a-atexit.o)
 .bss           0x000000000004809c        0x0 /home/nikhil/Projects/RISCV/toolchain/riscv-im/bin/../lib/gcc/riscv64-unknown-elf/5.2.0/../../../../riscv64-unknown-elf/lib/soft-float/32/libc.a(lib_a-fini.o)
 .bss           0x000000000004809c        0x0 /home/nikhil/Projects/RISCV/toolchain/riscv-im/bin/../lib/gcc/riscv64-unknown-elf/5.2.0/../../../../riscv64-unknown-elf/lib/soft-float/32/libc.a(lib_a-init.o)
 .bss           0x000000000004809c        0x0 /home/nikhil/Projects/RISCV/toolchain/riscv-im/bin/../lib/gcc/riscv64-unknown-elf/5.2.0/../../../../riscv64-unknown-elf/lib/soft-float/32/libc.a(lib_a-printf.o)
 .bss           0x000000000004809c        0x0 /home/nikhil/Projects/RISCV/toolchain/riscv-im/bin/../lib/gcc/riscv64-unknown-elf/5.2.0/../../../../riscv64-unknown-elf/lib/soft-float/32/libc.a(lib_a-vfprintf.o)
 .bss           0x000000000004809c        0x0 /home/nikhil/Projects/RISCV/toolchain/riscv-im/bin/../lib/gcc/riscv64-unknown-elf/5.2.0/../../../../riscv64-unknown-elf/lib/soft-float/32/libc.a(lib_a-wsetup.o)
 .bss           0x000000000004809c        0x0 /home/nikhil/Projects/RISCV/toolchain/riscv-im/bin/../lib/gcc/riscv64-unknown-elf/5.2.0/../../../../riscv64-unknown-elf/lib/soft-float/32/libc.a(lib_a-__atexit.o)
 .bss           0x000000000004809c        0x0 /home/nikhil/Projects/RISCV/toolchain/riscv-im/bin/../lib/gcc/riscv64-unknown-elf/5.2.0/../../../../riscv64-unknown-elf/lib/soft-float/32/libc.a(lib_a-dtoa.o)
 .bss           0x000000000004809c        0x0 /home/nikhil/Projects/RISCV/toolchain/riscv-im/bin/../lib/gcc/riscv64-unknown-elf/5.2.0/../../../../riscv64-unknown-elf/lib/soft-float/32/libc.a(lib_a-fflush.o)
 .bss           0x000000000004809c        0x0 /home/nikhil/Projects/RISCV/toolchain/riscv-im/bin/../lib/gcc/riscv64-unknown-elf/5.2.0/../../../../riscv64-unknown-elf/lib/soft-float/32/libc.a(lib_a-findfp.o)
 .bss           0x000000000004809c        0x0 /home/nikhil/Projects/RISCV/toolchain/riscv-im/bin/../lib/gcc/riscv64-unknown-elf/5.2.0/../../../../riscv64-unknown-elf/lib/soft-float/32/libc.a(lib_a-freer.o)
 .bss           0x000000000004809c        0x0 /home/nikhil/Projects/RISCV/toolchain/riscv-im/bin/../lib/gcc/riscv64-unknown-elf/5.2.0/../../../../riscv64-unknown-elf/lib/soft-float/32/libc.a(lib_a-fwalk.o)
 .bss           0x000000000004809c        0x0 /home/nikhil/Projects/RISCV/toolchain/riscv-im/bin/../lib/gcc/riscv64-unknown-elf/5.2.0/../../../../riscv64-unknown-elf/lib/soft-float/32/libc.a(lib_a-impure.o)
 .bss           0x000000000004809c        0x0 /home/nikhil/Projects/RISCV/toolchain/riscv-im/bin/../lib/gcc/riscv64-unknown-elf/5.2.0/../../../../riscv64-unknown-elf/lib/soft-float/32/libc.a(lib_a-locale.o)
 .bss           0x000000000004809c        0x0 /home/nikhil/Projects/RISCV/toolchain/riscv-im/bin/../lib/gcc/riscv64-unknown-elf/5.2.0/../../../../riscv64-unknown-elf/lib/soft-float/32/libc.a(lib_a-makebuf.o)
 .bss           0x000000000004809c       0x28 /home/nikhil/Projects/RISCV/toolchain/riscv-im/bin/../lib/gcc/riscv64-unknown-elf/5.2.0/../../../../riscv64-unknown-elf/lib/soft-float/32/libc.a(lib_a-mallocr.o)
                0x000000000004809c                __malloc_current_mallinfo
 .bss           0x00000000000480c4        0x0 /home/nikhil/Projects/RISCV/toolchain/riscv-im/bin/../lib/gcc/riscv64-unknown-elf/5.2.0/../../../../riscv64-unknown-elf/lib/soft-float/32/libc.a(lib_a-memchr.o)
 .bss           0x00000000000480c4        0x0 /home/nikhil/Projects/RISCV/toolchain/riscv-im/bin/../lib/gcc/riscv64-unknown-elf/5.2.0/../../../../riscv64-unknown-elf/lib/soft-float/32/libc.a(lib_a-memcpy.o)
 .bss           0x00000000000480c4        0x0 /home/nikhil/Projects/RISCV/toolchain/riscv-im/bin/../lib/gcc/riscv64-unknown-elf/5.2.0/../../../../riscv64-unknown-elf/lib/soft-float/32/libc.a(lib_a-memset.o)
 .bss           0x00000000000480c4        0x0 /home/nikhil/Projects/RISCV/toolchain/riscv-im/bin/../lib/gcc/riscv64-unknown-elf/5.2.0/../../../../riscv64-unknown-elf/lib/soft-float/32/libc.a(lib_a-mlock.o)
 .bss           0x00000000000480c4        0x0 /home/nikhil/Projects/RISCV/toolchain/riscv-im/bin/../lib/gcc/riscv64-unknown-elf/5.2.0/../../../../riscv64-unknown-elf/lib/soft-float/32/libc.a(lib_a-mprec.o)
 .bss           0x00000000000480c4        0x0 /home/nikhil/Projects/RISCV/toolchain/riscv-im/bin/../lib/gcc/riscv64-unknown-elf/5.2.0/../../../../riscv64-unknown-elf/lib/soft-float/32/libc.a(lib_a-s_fpclassify.o)
 .bss           0x00000000000480c4        0x0 /home/nikhil/Projects/RISCV/toolchain/riscv-im/bin/../lib/gcc/riscv64-unknown-elf/5.2.0/../../../../riscv64-unknown-elf/lib/soft-float/32/libc.a(lib_a-stdio.o)
 .bss           0x00000000000480c4        0x0 /home/nikhil/Projects/RISCV/toolchain/riscv-im/bin/../lib/gcc/riscv64-unknown-elf/5.2.0/../../../../riscv64-unknown-elf/lib/soft-float/32/libc.a(lib_a-strcmp.o)
 .bss           0x00000000000480c4        0x0 /home/nikhil/Projects/RISCV/toolchain/riscv-im/bin/../lib/gcc/riscv64-unknown-elf/5.2.0/../../../../riscv64-unknown-elf/lib/soft-float/32/libc.a(lib_a-strlen.o)
 .bss           0x00000000000480c4        0x0 /home/nikhil/Projects/RISCV/toolchain/riscv-im/bin/../lib/gcc/riscv64-unknown-elf/5.2.0/../../../../riscv64-unknown-elf/lib/soft-float/32/libc.a(lib_a-vfiprintf.o)
 .bss           0x00000000000480c4        0x0 /home/nikhil/Projects/RISCV/toolchain/riscv-im/bin/../lib/gcc/riscv64-unknown-elf/5.2.0/../../../../riscv64-unknown-elf/lib/soft-float/32/libc.a(lib_a-callocr.o)
 .bss           0x00000000000480c4        0x0 /home/nikhil/Projects/RISCV/toolchain/riscv-im/bin/../lib/gcc/riscv64-unknown-elf/5.2.0/../../../../riscv64-unknown-elf/lib/soft-float/32/libc.a(lib_a-fclose.o)
 .bss           0x00000000000480c4        0x0 /home/nikhil/Projects/RISCV/toolchain/riscv-im/bin/../lib/gcc/riscv64-unknown-elf/5.2.0/../../../../riscv64-unknown-elf/lib/soft-float/32/libc.a(lib_a-fputwc.o)
 .bss           0x00000000000480c4        0x0 /home/nikhil/Projects/RISCV/toolchain/riscv-im/bin/../lib/gcc/riscv64-unknown-elf/5.2.0/../../../../riscv64-unknown-elf/lib/soft-float/32/libc.a(lib_a-fvwrite.o)
 .bss           0x00000000000480c4        0x0 /home/nikhil/Projects/RISCV/toolchain/riscv-im/bin/../lib/gcc/riscv64-unknown-elf/5.2.0/../../../../riscv64-unknown-elf/lib/soft-float/32/libc.a(lib_a-memmove.o)
 .bss           0x00000000000480c4        0x0 /home/nikhil/Projects/RISCV/toolchain/riscv-im/bin/../lib/gcc/riscv64-unknown-elf/5.2.0/../../../../riscv64-unknown-elf/lib/soft-float/32/libc.a(lib_a-reallocr.o)
 .bss           0x00000000000480c4        0x0 /home/nikhil/Projects/RISCV/toolchain/riscv-im/bin/../lib/gcc/riscv64-unknown-elf/5.2.0/../../../../riscv64-unknown-elf/lib/soft-float/32/libc.a(lib_a-wbuf.o)
 .bss           0x00000000000480c4        0x0 /home/nikhil/Projects/RISCV/toolchain/riscv-im/bin/../lib/gcc/riscv64-unknown-elf/5.2.0/../../../../riscv64-unknown-elf/lib/soft-float/32/libc.a(lib_a-wcrtomb.o)
 .bss           0x00000000000480c4        0x0 /home/nikhil/Projects/RISCV/toolchain/riscv-im/bin/../lib/gcc/riscv64-unknown-elf/5.2.0/../../../../riscv64-unknown-elf/lib/soft-float/32/libc.a(lib_a-wctomb_r.o)
 .bss           0x00000000000480c4        0x0 /home/nikhil/Projects/RISCV/toolchain/riscv-im/bin/../lib/gcc/riscv64-unknown-elf/5.2.0/soft-float/32/libgcc.a(dp-bit.o)
 .bss           0x00000000000480c4        0x0 /home/nikhil/Projects/RISCV/toolchain/riscv-im/bin/../lib/gcc/riscv64-unknown-elf/5.2.0/soft-float/32/libgcc.a(_clzsi2.o)
 .bss           0x00000000000480c4        0x0 /home/nikhil/Projects/RISCV/toolchain/riscv-im/bin/../lib/gcc/riscv64-unknown-elf/5.2.0/soft-float/32/libgcc.a(fp-bit.o)
 .bss           0x00000000000480c4        0x0 /home/nikhil/Projects/RISCV/toolchain/riscv-im/bin/../lib/gcc/riscv64-unknown-elf/5.2.0/soft-float/32/crtend.o
 *(.bss.*)
 *(.gnu.linkonce.b.*)
 *(COMMON)
 COMMON         0x00000000000480c4        0x4 ../lib/syscalls.o
                0x00000000000480c4                errno
                0x00000000000480c8                PROVIDE (end, .)
                0x00000000000480c8                _end = ALIGN (0x8)
OUTPUT(intOpsTest elf32-littleriscv)
LOAD /home/nikhil/Projects/RISCV/toolchain/riscv-im/bin/../lib/gcc/riscv64-unknown-elf/5.2.0/../../../../riscv64-unknown-elf/lib/soft-float/32/crt0.o
LOAD /home/nikhil/Projects/RISCV/toolchain/riscv-im/bin/../lib/gcc/riscv64-unknown-elf/5.2.0/soft-float/32/crtbegin.o

.startup        0x0000000000000000      0x22c
 startup.o(.text)
 .text          0x0000000000000000      0x22c ../lib/startup.o
                0x0000000000000200                _reset

.rela.dyn       0x000000000000022c        0x0
 .rela.text     0x000000000000022c        0x0 /home/nikhil/Projects/RISCV/toolchain/riscv-im/bin/../lib/gcc/riscv64-unknown-elf/5.2.0/../../../../riscv64-unknown-elf/lib/soft-float/32/crt0.o

.comment        0x0000000000000000       0x11
 .comment       0x0000000000000000       0x11 /home/nikhil/Projects/RISCV/toolchain/riscv-im/bin/../lib/gcc/riscv64-unknown-elf/5.2.0/soft-float/32/crtbegin.o
                                         0x12 (size before relaxing)
 .comment       0x0000000000000011       0x12 ../lib/syscalls.o
 .comment       0x0000000000000011       0x12 ../lib/htif.o
 .comment       0x0000000000000011       0x12 ../lib/riscv_counters.o
 .comment       0x0000000000000011       0x12 ../lib/ns16550.o
 .comment       0x0000000000000011       0x12 /tmp/ccmVxZBw.o
 .comment       0x0000000000000011       0x12 /home/nikhil/Projects/RISCV/toolchain/riscv-im/bin/../lib/gcc/riscv64-unknown-elf/5.2.0/soft-float/32/libgcc.a(_divdi3.o)
 .comment       0x0000000000000011       0x12 /home/nikhil/Projects/RISCV/toolchain/riscv-im/bin/../lib/gcc/riscv64-unknown-elf/5.2.0/soft-float/32/libgcc.a(_moddi3.o)
 .comment       0x0000000000000011       0x12 /home/nikhil/Projects/RISCV/toolchain/riscv-im/bin/../lib/gcc/riscv64-unknown-elf/5.2.0/soft-float/32/libgcc.a(_clz.o)
 .comment       0x0000000000000011       0x12 /home/nikhil/Projects/RISCV/toolchain/riscv-im/bin/../lib/gcc/riscv64-unknown-elf/5.2.0/../../../../riscv64-unknown-elf/lib/soft-float/32/libc.a(lib_a-atexit.o)
 .comment       0x0000000000000011       0x12 /home/nikhil/Projects/RISCV/toolchain/riscv-im/bin/../lib/gcc/riscv64-unknown-elf/5.2.0/../../../../riscv64-unknown-elf/lib/soft-float/32/libc.a(lib_a-fini.o)
 .comment       0x0000000000000011       0x12 /home/nikhil/Projects/RISCV/toolchain/riscv-im/bin/../lib/gcc/riscv64-unknown-elf/5.2.0/../../../../riscv64-unknown-elf/lib/soft-float/32/libc.a(lib_a-init.o)
 .comment       0x0000000000000011       0x12 /home/nikhil/Projects/RISCV/toolchain/riscv-im/bin/../lib/gcc/riscv64-unknown-elf/5.2.0/../../../../riscv64-unknown-elf/lib/soft-float/32/libc.a(lib_a-printf.o)
 .comment       0x0000000000000011       0x12 /home/nikhil/Projects/RISCV/toolchain/riscv-im/bin/../lib/gcc/riscv64-unknown-elf/5.2.0/../../../../riscv64-unknown-elf/lib/soft-float/32/libc.a(lib_a-vfprintf.o)
 .comment       0x0000000000000011       0x12 /home/nikhil/Projects/RISCV/toolchain/riscv-im/bin/../lib/gcc/riscv64-unknown-elf/5.2.0/../../../../riscv64-unknown-elf/lib/soft-float/32/libc.a(lib_a-wsetup.o)
 .comment       0x0000000000000011       0x12 /home/nikhil/Projects/RISCV/toolchain/riscv-im/bin/../lib/gcc/riscv64-unknown-elf/5.2.0/../../../../riscv64-unknown-elf/lib/soft-float/32/libc.a(lib_a-__atexit.o)
 .comment       0x0000000000000011       0x12 /home/nikhil/Projects/RISCV/toolchain/riscv-im/bin/../lib/gcc/riscv64-unknown-elf/5.2.0/../../../../riscv64-unknown-elf/lib/soft-float/32/libc.a(lib_a-dtoa.o)
 .comment       0x0000000000000011       0x12 /home/nikhil/Projects/RISCV/toolchain/riscv-im/bin/../lib/gcc/riscv64-unknown-elf/5.2.0/../../../../riscv64-unknown-elf/lib/soft-float/32/libc.a(lib_a-fflush.o)
 .comment       0x0000000000000011       0x12 /home/nikhil/Projects/RISCV/toolchain/riscv-im/bin/../lib/gcc/riscv64-unknown-elf/5.2.0/../../../../riscv64-unknown-elf/lib/soft-float/32/libc.a(lib_a-findfp.o)
 .comment       0x0000000000000011       0x12 /home/nikhil/Projects/RISCV/toolchain/riscv-im/bin/../lib/gcc/riscv64-unknown-elf/5.2.0/../../../../riscv64-unknown-elf/lib/soft-float/32/libc.a(lib_a-freer.o)
 .comment       0x0000000000000011       0x12 /home/nikhil/Projects/RISCV/toolchain/riscv-im/bin/../lib/gcc/riscv64-unknown-elf/5.2.0/../../../../riscv64-unknown-elf/lib/soft-float/32/libc.a(lib_a-fwalk.o)
 .comment       0x0000000000000011       0x12 /home/nikhil/Projects/RISCV/toolchain/riscv-im/bin/../lib/gcc/riscv64-unknown-elf/5.2.0/../../../../riscv64-unknown-elf/lib/soft-float/32/libc.a(lib_a-impure.o)
 .comment       0x0000000000000011       0x12 /home/nikhil/Projects/RISCV/toolchain/riscv-im/bin/../lib/gcc/riscv64-unknown-elf/5.2.0/../../../../riscv64-unknown-elf/lib/soft-float/32/libc.a(lib_a-locale.o)
 .comment       0x0000000000000011       0x12 /home/nikhil/Projects/RISCV/toolchain/riscv-im/bin/../lib/gcc/riscv64-unknown-elf/5.2.0/../../../../riscv64-unknown-elf/lib/soft-float/32/libc.a(lib_a-makebuf.o)
 .comment       0x0000000000000011       0x12 /home/nikhil/Projects/RISCV/toolchain/riscv-im/bin/../lib/gcc/riscv64-unknown-elf/5.2.0/../../../../riscv64-unknown-elf/lib/soft-float/32/libc.a(lib_a-mallocr.o)
 .comment       0x0000000000000011       0x12 /home/nikhil/Projects/RISCV/toolchain/riscv-im/bin/../lib/gcc/riscv64-unknown-elf/5.2.0/../../../../riscv64-unknown-elf/lib/soft-float/32/libc.a(lib_a-memchr.o)
 .comment       0x0000000000000011       0x12 /home/nikhil/Projects/RISCV/toolchain/riscv-im/bin/../lib/gcc/riscv64-unknown-elf/5.2.0/../../../../riscv64-unknown-elf/lib/soft-float/32/libc.a(lib_a-memcpy.o)
 .comment       0x0000000000000011       0x12 /home/nikhil/Projects/RISCV/toolchain/riscv-im/bin/../lib/gcc/riscv64-unknown-elf/5.2.0/../../../../riscv64-unknown-elf/lib/soft-float/32/libc.a(lib_a-mlock.o)
 .comment       0x0000000000000011       0x12 /home/nikhil/Projects/RISCV/toolchain/riscv-im/bin/../lib/gcc/riscv64-unknown-elf/5.2.0/../../../../riscv64-unknown-elf/lib/soft-float/32/libc.a(lib_a-mprec.o)
 .comment       0x0000000000000011       0x12 /home/nikhil/Projects/RISCV/toolchain/riscv-im/bin/../lib/gcc/riscv64-unknown-elf/5.2.0/../../../../riscv64-unknown-elf/lib/soft-float/32/libc.a(lib_a-s_fpclassify.o)
 .comment       0x0000000000000011       0x12 /home/nikhil/Projects/RISCV/toolchain/riscv-im/bin/../lib/gcc/riscv64-unknown-elf/5.2.0/../../../../riscv64-unknown-elf/lib/soft-float/32/libc.a(lib_a-stdio.o)
 .comment       0x0000000000000011       0x12 /home/nikhil/Projects/RISCV/toolchain/riscv-im/bin/../lib/gcc/riscv64-unknown-elf/5.2.0/../../../../riscv64-unknown-elf/lib/soft-float/32/libc.a(lib_a-strlen.o)
 .comment       0x0000000000000011       0x12 /home/nikhil/Projects/RISCV/toolchain/riscv-im/bin/../lib/gcc/riscv64-unknown-elf/5.2.0/../../../../riscv64-unknown-elf/lib/soft-float/32/libc.a(lib_a-vfiprintf.o)
 .comment       0x0000000000000011       0x12 /home/nikhil/Projects/RISCV/toolchain/riscv-im/bin/../lib/gcc/riscv64-unknown-elf/5.2.0/../../../../riscv64-unknown-elf/lib/soft-float/32/libc.a(lib_a-callocr.o)
 .comment       0x0000000000000011       0x12 /home/nikhil/Projects/RISCV/toolchain/riscv-im/bin/../lib/gcc/riscv64-unknown-elf/5.2.0/../../../../riscv64-unknown-elf/lib/soft-float/32/libc.a(lib_a-fclose.o)
 .comment       0x0000000000000011       0x12 /home/nikhil/Projects/RISCV/toolchain/riscv-im/bin/../lib/gcc/riscv64-unknown-elf/5.2.0/../../../../riscv64-unknown-elf/lib/soft-float/32/libc.a(lib_a-fputwc.o)
 .comment       0x0000000000000011       0x12 /home/nikhil/Projects/RISCV/toolchain/riscv-im/bin/../lib/gcc/riscv64-unknown-elf/5.2.0/../../../../riscv64-unknown-elf/lib/soft-float/32/libc.a(lib_a-fvwrite.o)
 .comment       0x0000000000000011       0x12 /home/nikhil/Projects/RISCV/toolchain/riscv-im/bin/../lib/gcc/riscv64-unknown-elf/5.2.0/../../../../riscv64-unknown-elf/lib/soft-float/32/libc.a(lib_a-memmove.o)
 .comment       0x0000000000000011       0x12 /home/nikhil/Projects/RISCV/toolchain/riscv-im/bin/../lib/gcc/riscv64-unknown-elf/5.2.0/../../../../riscv64-unknown-elf/lib/soft-float/32/libc.a(lib_a-reallocr.o)
 .comment       0x0000000000000011       0x12 /home/nikhil/Projects/RISCV/toolchain/riscv-im/bin/../lib/gcc/riscv64-unknown-elf/5.2.0/../../../../riscv64-unknown-elf/lib/soft-float/32/libc.a(lib_a-wbuf.o)
 .comment       0x0000000000000011       0x12 /home/nikhil/Projects/RISCV/toolchain/riscv-im/bin/../lib/gcc/riscv64-unknown-elf/5.2.0/../../../../riscv64-unknown-elf/lib/soft-float/32/libc.a(lib_a-wcrtomb.o)
 .comment       0x0000000000000011       0x12 /home/nikhil/Projects/RISCV/toolchain/riscv-im/bin/../lib/gcc/riscv64-unknown-elf/5.2.0/../../../../riscv64-unknown-elf/lib/soft-float/32/libc.a(lib_a-wctomb_r.o)
 .comment       0x0000000000000011       0x12 /home/nikhil/Projects/RISCV/toolchain/riscv-im/bin/../lib/gcc/riscv64-unknown-elf/5.2.0/soft-float/32/libgcc.a(dp-bit.o)
 .comment       0x0000000000000011       0x12 /home/nikhil/Projects/RISCV/toolchain/riscv-im/bin/../lib/gcc/riscv64-unknown-elf/5.2.0/soft-float/32/libgcc.a(_clzsi2.o)
 .comment       0x0000000000000011       0x12 /home/nikhil/Projects/RISCV/toolchain/riscv-im/bin/../lib/gcc/riscv64-unknown-elf/5.2.0/soft-float/32/libgcc.a(fp-bit.o)
 .comment       0x0000000000000011       0x12 /home/nikhil/Projects/RISCV/toolchain/riscv-im/bin/../lib/gcc/riscv64-unknown-elf/5.2.0/soft-float/32/crtend.o

.debug_info     0x0000000000000000    0x17f45
 .debug_info    0x0000000000000000      0x760 ../lib/syscalls.o
 .debug_info    0x0000000000000760      0x14c ../lib/htif.o
 .debug_info    0x00000000000008ac      0x10b ../lib/riscv_counters.o
 .debug_info    0x00000000000009b7      0x3ba ../lib/ns16550.o
 .debug_info    0x0000000000000d71      0x3e0 /tmp/ccmVxZBw.o
 .debug_info    0x0000000000001151      0x748 /home/nikhil/Projects/RISCV/toolchain/riscv-im/bin/../lib/gcc/riscv64-unknown-elf/5.2.0/soft-float/32/libgcc.a(_divdi3.o)
 .debug_info    0x0000000000001899      0x773 /home/nikhil/Projects/RISCV/toolchain/riscv-im/bin/../lib/gcc/riscv64-unknown-elf/5.2.0/soft-float/32/libgcc.a(_moddi3.o)
 .debug_info    0x000000000000200c       0xb2 /home/nikhil/Projects/RISCV/toolchain/riscv-im/bin/../lib/gcc/riscv64-unknown-elf/5.2.0/soft-float/32/libgcc.a(_clz.o)
 .debug_info    0x00000000000020be       0xfa /home/nikhil/Projects/RISCV/toolchain/riscv-im/bin/../lib/gcc/riscv64-unknown-elf/5.2.0/../../../../riscv64-unknown-elf/lib/soft-float/32/libc.a(lib_a-atexit.o)
 .debug_info    0x00000000000021b8       0xf6 /home/nikhil/Projects/RISCV/toolchain/riscv-im/bin/../lib/gcc/riscv64-unknown-elf/5.2.0/../../../../riscv64-unknown-elf/lib/soft-float/32/libc.a(lib_a-fini.o)
 .debug_info    0x00000000000022ae      0x10c /home/nikhil/Projects/RISCV/toolchain/riscv-im/bin/../lib/gcc/riscv64-unknown-elf/5.2.0/../../../../riscv64-unknown-elf/lib/soft-float/32/libc.a(lib_a-init.o)
 .debug_info    0x00000000000023ba      0x985 /home/nikhil/Projects/RISCV/toolchain/riscv-im/bin/../lib/gcc/riscv64-unknown-elf/5.2.0/../../../../riscv64-unknown-elf/lib/soft-float/32/libc.a(lib_a-printf.o)
 .debug_info    0x0000000000002d3f     0x1663 /home/nikhil/Projects/RISCV/toolchain/riscv-im/bin/../lib/gcc/riscv64-unknown-elf/5.2.0/../../../../riscv64-unknown-elf/lib/soft-float/32/libc.a(lib_a-vfprintf.o)
 .debug_info    0x00000000000043a2      0x931 /home/nikhil/Projects/RISCV/toolchain/riscv-im/bin/../lib/gcc/riscv64-unknown-elf/5.2.0/../../../../riscv64-unknown-elf/lib/soft-float/32/libc.a(lib_a-wsetup.o)
 .debug_info    0x0000000000004cd3      0x935 /home/nikhil/Projects/RISCV/toolchain/riscv-im/bin/../lib/gcc/riscv64-unknown-elf/5.2.0/../../../../riscv64-unknown-elf/lib/soft-float/32/libc.a(lib_a-__atexit.o)
 .debug_info    0x0000000000005608     0x1258 /home/nikhil/Projects/RISCV/toolchain/riscv-im/bin/../lib/gcc/riscv64-unknown-elf/5.2.0/../../../../riscv64-unknown-elf/lib/soft-float/32/libc.a(lib_a-dtoa.o)
 .debug_info    0x0000000000006860      0xa8c /home/nikhil/Projects/RISCV/toolchain/riscv-im/bin/../lib/gcc/riscv64-unknown-elf/5.2.0/../../../../riscv64-unknown-elf/lib/soft-float/32/libc.a(lib_a-fflush.o)
 .debug_info    0x00000000000072ec      0xd2d /home/nikhil/Projects/RISCV/toolchain/riscv-im/bin/../lib/gcc/riscv64-unknown-elf/5.2.0/../../../../riscv64-unknown-elf/lib/soft-float/32/libc.a(lib_a-findfp.o)
 .debug_info    0x0000000000008019      0xbe1 /home/nikhil/Projects/RISCV/toolchain/riscv-im/bin/../lib/gcc/riscv64-unknown-elf/5.2.0/../../../../riscv64-unknown-elf/lib/soft-float/32/libc.a(lib_a-freer.o)
 .debug_info    0x0000000000008bfa      0x9ac /home/nikhil/Projects/RISCV/toolchain/riscv-im/bin/../lib/gcc/riscv64-unknown-elf/5.2.0/../../../../riscv64-unknown-elf/lib/soft-float/32/libc.a(lib_a-fwalk.o)
 .debug_info    0x00000000000095a6      0x8a2 /home/nikhil/Projects/RISCV/toolchain/riscv-im/bin/../lib/gcc/riscv64-unknown-elf/5.2.0/../../../../riscv64-unknown-elf/lib/soft-float/32/libc.a(lib_a-impure.o)
 .debug_info    0x0000000000009e48      0xc23 /home/nikhil/Projects/RISCV/toolchain/riscv-im/bin/../lib/gcc/riscv64-unknown-elf/5.2.0/../../../../riscv64-unknown-elf/lib/soft-float/32/libc.a(lib_a-locale.o)
 .debug_info    0x000000000000aa6b      0xac8 /home/nikhil/Projects/RISCV/toolchain/riscv-im/bin/../lib/gcc/riscv64-unknown-elf/5.2.0/../../../../riscv64-unknown-elf/lib/soft-float/32/libc.a(lib_a-makebuf.o)
 .debug_info    0x000000000000b533      0xd5b /home/nikhil/Projects/RISCV/toolchain/riscv-im/bin/../lib/gcc/riscv64-unknown-elf/5.2.0/../../../../riscv64-unknown-elf/lib/soft-float/32/libc.a(lib_a-mallocr.o)
 .debug_info    0x000000000000c28e      0x12e /home/nikhil/Projects/RISCV/toolchain/riscv-im/bin/../lib/gcc/riscv64-unknown-elf/5.2.0/../../../../riscv64-unknown-elf/lib/soft-float/32/libc.a(lib_a-memchr.o)
 .debug_info    0x000000000000c3bc      0x24b /home/nikhil/Projects/RISCV/toolchain/riscv-im/bin/../lib/gcc/riscv64-unknown-elf/5.2.0/../../../../riscv64-unknown-elf/lib/soft-float/32/libc.a(lib_a-memcpy.o)
 .debug_info    0x000000000000c607      0x8af /home/nikhil/Projects/RISCV/toolchain/riscv-im/bin/../lib/gcc/riscv64-unknown-elf/5.2.0/../../../../riscv64-unknown-elf/lib/soft-float/32/libc.a(lib_a-mlock.o)
 .debug_info    0x000000000000ceb6     0x16b6 /home/nikhil/Projects/RISCV/toolchain/riscv-im/bin/../lib/gcc/riscv64-unknown-elf/5.2.0/../../../../riscv64-unknown-elf/lib/soft-float/32/libc.a(lib_a-mprec.o)
 .debug_info    0x000000000000e56c      0x13a /home/nikhil/Projects/RISCV/toolchain/riscv-im/bin/../lib/gcc/riscv64-unknown-elf/5.2.0/../../../../riscv64-unknown-elf/lib/soft-float/32/libc.a(lib_a-s_fpclassify.o)
 .debug_info    0x000000000000e6a6      0xb09 /home/nikhil/Projects/RISCV/toolchain/riscv-im/bin/../lib/gcc/riscv64-unknown-elf/5.2.0/../../../../riscv64-unknown-elf/lib/soft-float/32/libc.a(lib_a-stdio.o)
 .debug_info    0x000000000000f1af      0x183 /home/nikhil/Projects/RISCV/toolchain/riscv-im/bin/../lib/gcc/riscv64-unknown-elf/5.2.0/../../../../riscv64-unknown-elf/lib/soft-float/32/libc.a(lib_a-strlen.o)
 .debug_info    0x000000000000f332     0x14e1 /home/nikhil/Projects/RISCV/toolchain/riscv-im/bin/../lib/gcc/riscv64-unknown-elf/5.2.0/../../../../riscv64-unknown-elf/lib/soft-float/32/libc.a(lib_a-vfiprintf.o)
 .debug_info    0x0000000000010813      0x9cb /home/nikhil/Projects/RISCV/toolchain/riscv-im/bin/../lib/gcc/riscv64-unknown-elf/5.2.0/../../../../riscv64-unknown-elf/lib/soft-float/32/libc.a(lib_a-callocr.o)
 .debug_info    0x00000000000111de      0xa1e /home/nikhil/Projects/RISCV/toolchain/riscv-im/bin/../lib/gcc/riscv64-unknown-elf/5.2.0/../../../../riscv64-unknown-elf/lib/soft-float/32/libc.a(lib_a-fclose.o)
 .debug_info    0x0000000000011bfc      0xad0 /home/nikhil/Projects/RISCV/toolchain/riscv-im/bin/../lib/gcc/riscv64-unknown-elf/5.2.0/../../../../riscv64-unknown-elf/lib/soft-float/32/libc.a(lib_a-fputwc.o)
 .debug_info    0x00000000000126cc      0xbb7 /home/nikhil/Projects/RISCV/toolchain/riscv-im/bin/../lib/gcc/riscv64-unknown-elf/5.2.0/../../../../riscv64-unknown-elf/lib/soft-float/32/libc.a(lib_a-fvwrite.o)
 .debug_info    0x0000000000013283      0x134 /home/nikhil/Projects/RISCV/toolchain/riscv-im/bin/../lib/gcc/riscv64-unknown-elf/5.2.0/../../../../riscv64-unknown-elf/lib/soft-float/32/libc.a(lib_a-memmove.o)
 .debug_info    0x00000000000133b7      0xc96 /home/nikhil/Projects/RISCV/toolchain/riscv-im/bin/../lib/gcc/riscv64-unknown-elf/5.2.0/../../../../riscv64-unknown-elf/lib/soft-float/32/libc.a(lib_a-reallocr.o)
 .debug_info    0x000000000001404d      0x9ba /home/nikhil/Projects/RISCV/toolchain/riscv-im/bin/../lib/gcc/riscv64-unknown-elf/5.2.0/../../../../riscv64-unknown-elf/lib/soft-float/32/libc.a(lib_a-wbuf.o)
 .debug_info    0x0000000000014a07      0xa7a /home/nikhil/Projects/RISCV/toolchain/riscv-im/bin/../lib/gcc/riscv64-unknown-elf/5.2.0/../../../../riscv64-unknown-elf/lib/soft-float/32/libc.a(lib_a-wcrtomb.o)
 .debug_info    0x0000000000015481      0x9b2 /home/nikhil/Projects/RISCV/toolchain/riscv-im/bin/../lib/gcc/riscv64-unknown-elf/5.2.0/../../../../riscv64-unknown-elf/lib/soft-float/32/libc.a(lib_a-wctomb_r.o)
 .debug_info    0x0000000000015e33     0x1063 /home/nikhil/Projects/RISCV/toolchain/riscv-im/bin/../lib/gcc/riscv64-unknown-elf/5.2.0/soft-float/32/libgcc.a(dp-bit.o)
 .debug_info    0x0000000000016e96      0x128 /home/nikhil/Projects/RISCV/toolchain/riscv-im/bin/../lib/gcc/riscv64-unknown-elf/5.2.0/soft-float/32/libgcc.a(_clzsi2.o)
 .debug_info    0x0000000000016fbe      0xf87 /home/nikhil/Projects/RISCV/toolchain/riscv-im/bin/../lib/gcc/riscv64-unknown-elf/5.2.0/soft-float/32/libgcc.a(fp-bit.o)

.debug_abbrev   0x0000000000000000     0x520b
 .debug_abbrev  0x0000000000000000      0x170 ../lib/syscalls.o
 .debug_abbrev  0x0000000000000170       0xd5 ../lib/htif.o
 .debug_abbrev  0x0000000000000245       0x7c ../lib/riscv_counters.o
 .debug_abbrev  0x00000000000002c1      0x13e ../lib/ns16550.o
 .debug_abbrev  0x00000000000003ff      0x114 /tmp/ccmVxZBw.o
 .debug_abbrev  0x0000000000000513      0x17d /home/nikhil/Projects/RISCV/toolchain/riscv-im/bin/../lib/gcc/riscv64-unknown-elf/5.2.0/soft-float/32/libgcc.a(_divdi3.o)
 .debug_abbrev  0x0000000000000690      0x19a /home/nikhil/Projects/RISCV/toolchain/riscv-im/bin/../lib/gcc/riscv64-unknown-elf/5.2.0/soft-float/32/libgcc.a(_moddi3.o)
 .debug_abbrev  0x000000000000082a       0x5d /home/nikhil/Projects/RISCV/toolchain/riscv-im/bin/../lib/gcc/riscv64-unknown-elf/5.2.0/soft-float/32/libgcc.a(_clz.o)
 .debug_abbrev  0x0000000000000887       0xa8 /home/nikhil/Projects/RISCV/toolchain/riscv-im/bin/../lib/gcc/riscv64-unknown-elf/5.2.0/../../../../riscv64-unknown-elf/lib/soft-float/32/libc.a(lib_a-atexit.o)
 .debug_abbrev  0x000000000000092f       0xbb /home/nikhil/Projects/RISCV/toolchain/riscv-im/bin/../lib/gcc/riscv64-unknown-elf/5.2.0/../../../../riscv64-unknown-elf/lib/soft-float/32/libc.a(lib_a-fini.o)
 .debug_abbrev  0x00000000000009ea       0xb8 /home/nikhil/Projects/RISCV/toolchain/riscv-im/bin/../lib/gcc/riscv64-unknown-elf/5.2.0/../../../../riscv64-unknown-elf/lib/soft-float/32/libc.a(lib_a-init.o)
 .debug_abbrev  0x0000000000000aa2      0x215 /home/nikhil/Projects/RISCV/toolchain/riscv-im/bin/../lib/gcc/riscv64-unknown-elf/5.2.0/../../../../riscv64-unknown-elf/lib/soft-float/32/libc.a(lib_a-printf.o)
 .debug_abbrev  0x0000000000000cb7      0x3ae /home/nikhil/Projects/RISCV/toolchain/riscv-im/bin/../lib/gcc/riscv64-unknown-elf/5.2.0/../../../../riscv64-unknown-elf/lib/soft-float/32/libc.a(lib_a-vfprintf.o)
 .debug_abbrev  0x0000000000001065      0x1f6 /home/nikhil/Projects/RISCV/toolchain/riscv-im/bin/../lib/gcc/riscv64-unknown-elf/5.2.0/../../../../riscv64-unknown-elf/lib/soft-float/32/libc.a(lib_a-wsetup.o)
 .debug_abbrev  0x000000000000125b      0x20d /home/nikhil/Projects/RISCV/toolchain/riscv-im/bin/../lib/gcc/riscv64-unknown-elf/5.2.0/../../../../riscv64-unknown-elf/lib/soft-float/32/libc.a(lib_a-__atexit.o)
 .debug_abbrev  0x0000000000001468      0x29c /home/nikhil/Projects/RISCV/toolchain/riscv-im/bin/../lib/gcc/riscv64-unknown-elf/5.2.0/../../../../riscv64-unknown-elf/lib/soft-float/32/libc.a(lib_a-dtoa.o)
 .debug_abbrev  0x0000000000001704      0x27e /home/nikhil/Projects/RISCV/toolchain/riscv-im/bin/../lib/gcc/riscv64-unknown-elf/5.2.0/../../../../riscv64-unknown-elf/lib/soft-float/32/libc.a(lib_a-fflush.o)
 .debug_abbrev  0x0000000000001982      0x355 /home/nikhil/Projects/RISCV/toolchain/riscv-im/bin/../lib/gcc/riscv64-unknown-elf/5.2.0/../../../../riscv64-unknown-elf/lib/soft-float/32/libc.a(lib_a-findfp.o)
 .debug_abbrev  0x0000000000001cd7      0x262 /home/nikhil/Projects/RISCV/toolchain/riscv-im/bin/../lib/gcc/riscv64-unknown-elf/5.2.0/../../../../riscv64-unknown-elf/lib/soft-float/32/libc.a(lib_a-freer.o)
 .debug_abbrev  0x0000000000001f39      0x1c0 /home/nikhil/Projects/RISCV/toolchain/riscv-im/bin/../lib/gcc/riscv64-unknown-elf/5.2.0/../../../../riscv64-unknown-elf/lib/soft-float/32/libc.a(lib_a-fwalk.o)
 .debug_abbrev  0x00000000000020f9      0x17e /home/nikhil/Projects/RISCV/toolchain/riscv-im/bin/../lib/gcc/riscv64-unknown-elf/5.2.0/../../../../riscv64-unknown-elf/lib/soft-float/32/libc.a(lib_a-impure.o)
 .debug_abbrev  0x0000000000002277      0x2af /home/nikhil/Projects/RISCV/toolchain/riscv-im/bin/../lib/gcc/riscv64-unknown-elf/5.2.0/../../../../riscv64-unknown-elf/lib/soft-float/32/libc.a(lib_a-locale.o)
 .debug_abbrev  0x0000000000002526      0x1ed /home/nikhil/Projects/RISCV/toolchain/riscv-im/bin/../lib/gcc/riscv64-unknown-elf/5.2.0/../../../../riscv64-unknown-elf/lib/soft-float/32/libc.a(lib_a-makebuf.o)
 .debug_abbrev  0x0000000000002713      0x29b /home/nikhil/Projects/RISCV/toolchain/riscv-im/bin/../lib/gcc/riscv64-unknown-elf/5.2.0/../../../../riscv64-unknown-elf/lib/soft-float/32/libc.a(lib_a-mallocr.o)
 .debug_abbrev  0x00000000000029ae       0xa9 /home/nikhil/Projects/RISCV/toolchain/riscv-im/bin/../lib/gcc/riscv64-unknown-elf/5.2.0/../../../../riscv64-unknown-elf/lib/soft-float/32/libc.a(lib_a-memchr.o)
 .debug_abbrev  0x0000000000002a57       0xf1 /home/nikhil/Projects/RISCV/toolchain/riscv-im/bin/../lib/gcc/riscv64-unknown-elf/5.2.0/../../../../riscv64-unknown-elf/lib/soft-float/32/libc.a(lib_a-memcpy.o)
 .debug_abbrev  0x0000000000002b48      0x1aa /home/nikhil/Projects/RISCV/toolchain/riscv-im/bin/../lib/gcc/riscv64-unknown-elf/5.2.0/../../../../riscv64-unknown-elf/lib/soft-float/32/libc.a(lib_a-mlock.o)
 .debug_abbrev  0x0000000000002cf2      0x3a2 /home/nikhil/Projects/RISCV/toolchain/riscv-im/bin/../lib/gcc/riscv64-unknown-elf/5.2.0/../../../../riscv64-unknown-elf/lib/soft-float/32/libc.a(lib_a-mprec.o)
 .debug_abbrev  0x0000000000003094       0xc6 /home/nikhil/Projects/RISCV/toolchain/riscv-im/bin/../lib/gcc/riscv64-unknown-elf/5.2.0/../../../../riscv64-unknown-elf/lib/soft-float/32/libc.a(lib_a-s_fpclassify.o)
 .debug_abbrev  0x000000000000315a      0x236 /home/nikhil/Projects/RISCV/toolchain/riscv-im/bin/../lib/gcc/riscv64-unknown-elf/5.2.0/../../../../riscv64-unknown-elf/lib/soft-float/32/libc.a(lib_a-stdio.o)
 .debug_abbrev  0x0000000000003390       0xc2 /home/nikhil/Projects/RISCV/toolchain/riscv-im/bin/../lib/gcc/riscv64-unknown-elf/5.2.0/../../../../riscv64-unknown-elf/lib/soft-float/32/libc.a(lib_a-strlen.o)
 .debug_abbrev  0x0000000000003452      0x389 /home/nikhil/Projects/RISCV/toolchain/riscv-im/bin/../lib/gcc/riscv64-unknown-elf/5.2.0/../../../../riscv64-unknown-elf/lib/soft-float/32/libc.a(lib_a-vfiprintf.o)
 .debug_abbrev  0x00000000000037db      0x207 /home/nikhil/Projects/RISCV/toolchain/riscv-im/bin/../lib/gcc/riscv64-unknown-elf/5.2.0/../../../../riscv64-unknown-elf/lib/soft-float/32/libc.a(lib_a-callocr.o)
 .debug_abbrev  0x00000000000039e2      0x291 /home/nikhil/Projects/RISCV/toolchain/riscv-im/bin/../lib/gcc/riscv64-unknown-elf/5.2.0/../../../../riscv64-unknown-elf/lib/soft-float/32/libc.a(lib_a-fclose.o)
 .debug_abbrev  0x0000000000003c73      0x2a8 /home/nikhil/Projects/RISCV/toolchain/riscv-im/bin/../lib/gcc/riscv64-unknown-elf/5.2.0/../../../../riscv64-unknown-elf/lib/soft-float/32/libc.a(lib_a-fputwc.o)
 .debug_abbrev  0x0000000000003f1b      0x217 /home/nikhil/Projects/RISCV/toolchain/riscv-im/bin/../lib/gcc/riscv64-unknown-elf/5.2.0/../../../../riscv64-unknown-elf/lib/soft-float/32/libc.a(lib_a-fvwrite.o)
 .debug_abbrev  0x0000000000004132       0xa9 /home/nikhil/Projects/RISCV/toolchain/riscv-im/bin/../lib/gcc/riscv64-unknown-elf/5.2.0/../../../../riscv64-unknown-elf/lib/soft-float/32/libc.a(lib_a-memmove.o)
 .debug_abbrev  0x00000000000041db      0x238 /home/nikhil/Projects/RISCV/toolchain/riscv-im/bin/../lib/gcc/riscv64-unknown-elf/5.2.0/../../../../riscv64-unknown-elf/lib/soft-float/32/libc.a(lib_a-reallocr.o)
 .debug_abbrev  0x0000000000004413      0x240 /home/nikhil/Projects/RISCV/toolchain/riscv-im/bin/../lib/gcc/riscv64-unknown-elf/5.2.0/../../../../riscv64-unknown-elf/lib/soft-float/32/libc.a(lib_a-wbuf.o)
 .debug_abbrev  0x0000000000004653      0x21f /home/nikhil/Projects/RISCV/toolchain/riscv-im/bin/../lib/gcc/riscv64-unknown-elf/5.2.0/../../../../riscv64-unknown-elf/lib/soft-float/32/libc.a(lib_a-wcrtomb.o)
 .debug_abbrev  0x0000000000004872      0x20e /home/nikhil/Projects/RISCV/toolchain/riscv-im/bin/../lib/gcc/riscv64-unknown-elf/5.2.0/../../../../riscv64-unknown-elf/lib/soft-float/32/libc.a(lib_a-wctomb_r.o)
 .debug_abbrev  0x0000000000004a80      0x368 /home/nikhil/Projects/RISCV/toolchain/riscv-im/bin/../lib/gcc/riscv64-unknown-elf/5.2.0/soft-float/32/libgcc.a(dp-bit.o)
 .debug_abbrev  0x0000000000004de8       0xb1 /home/nikhil/Projects/RISCV/toolchain/riscv-im/bin/../lib/gcc/riscv64-unknown-elf/5.2.0/soft-float/32/libgcc.a(_clzsi2.o)
 .debug_abbrev  0x0000000000004e99      0x372 /home/nikhil/Projects/RISCV/toolchain/riscv-im/bin/../lib/gcc/riscv64-unknown-elf/5.2.0/soft-float/32/libgcc.a(fp-bit.o)

.debug_aranges  0x0000000000000000      0x570
 .debug_aranges
                0x0000000000000000       0x20 ../lib/syscalls.o
 .debug_aranges
                0x0000000000000020       0x20 ../lib/htif.o
 .debug_aranges
                0x0000000000000040       0x20 ../lib/riscv_counters.o
 .debug_aranges
                0x0000000000000060       0x20 ../lib/ns16550.o
 .debug_aranges
                0x0000000000000080       0x20 /tmp/ccmVxZBw.o
 .debug_aranges
                0x00000000000000a0       0x20 /home/nikhil/Projects/RISCV/toolchain/riscv-im/bin/../lib/gcc/riscv64-unknown-elf/5.2.0/soft-float/32/libgcc.a(_divdi3.o)
 .debug_aranges
                0x00000000000000c0       0x20 /home/nikhil/Projects/RISCV/toolchain/riscv-im/bin/../lib/gcc/riscv64-unknown-elf/5.2.0/soft-float/32/libgcc.a(_moddi3.o)
 .debug_aranges
                0x00000000000000e0       0x18 /home/nikhil/Projects/RISCV/toolchain/riscv-im/bin/../lib/gcc/riscv64-unknown-elf/5.2.0/soft-float/32/libgcc.a(_clz.o)
 .debug_aranges
                0x00000000000000f8       0x20 /home/nikhil/Projects/RISCV/toolchain/riscv-im/bin/../lib/gcc/riscv64-unknown-elf/5.2.0/../../../../riscv64-unknown-elf/lib/soft-float/32/libc.a(lib_a-atexit.o)
 .debug_aranges
                0x0000000000000118       0x20 /home/nikhil/Projects/RISCV/toolchain/riscv-im/bin/../lib/gcc/riscv64-unknown-elf/5.2.0/../../../../riscv64-unknown-elf/lib/soft-float/32/libc.a(lib_a-fini.o)
 .debug_aranges
                0x0000000000000138       0x20 /home/nikhil/Projects/RISCV/toolchain/riscv-im/bin/../lib/gcc/riscv64-unknown-elf/5.2.0/../../../../riscv64-unknown-elf/lib/soft-float/32/libc.a(lib_a-init.o)
 .debug_aranges
                0x0000000000000158       0x20 /home/nikhil/Projects/RISCV/toolchain/riscv-im/bin/../lib/gcc/riscv64-unknown-elf/5.2.0/../../../../riscv64-unknown-elf/lib/soft-float/32/libc.a(lib_a-printf.o)
 .debug_aranges
                0x0000000000000178       0x20 /home/nikhil/Projects/RISCV/toolchain/riscv-im/bin/../lib/gcc/riscv64-unknown-elf/5.2.0/../../../../riscv64-unknown-elf/lib/soft-float/32/libc.a(lib_a-vfprintf.o)
 .debug_aranges
                0x0000000000000198       0x20 /home/nikhil/Projects/RISCV/toolchain/riscv-im/bin/../lib/gcc/riscv64-unknown-elf/5.2.0/../../../../riscv64-unknown-elf/lib/soft-float/32/libc.a(lib_a-wsetup.o)
 .debug_aranges
                0x00000000000001b8       0x20 /home/nikhil/Projects/RISCV/toolchain/riscv-im/bin/../lib/gcc/riscv64-unknown-elf/5.2.0/../../../../riscv64-unknown-elf/lib/soft-float/32/libc.a(lib_a-__atexit.o)
 .debug_aranges
                0x00000000000001d8       0x20 /home/nikhil/Projects/RISCV/toolchain/riscv-im/bin/../lib/gcc/riscv64-unknown-elf/5.2.0/../../../../riscv64-unknown-elf/lib/soft-float/32/libc.a(lib_a-dtoa.o)
 .debug_aranges
                0x00000000000001f8       0x20 /home/nikhil/Projects/RISCV/toolchain/riscv-im/bin/../lib/gcc/riscv64-unknown-elf/5.2.0/../../../../riscv64-unknown-elf/lib/soft-float/32/libc.a(lib_a-fflush.o)
 .debug_aranges
                0x0000000000000218       0x20 /home/nikhil/Projects/RISCV/toolchain/riscv-im/bin/../lib/gcc/riscv64-unknown-elf/5.2.0/../../../../riscv64-unknown-elf/lib/soft-float/32/libc.a(lib_a-findfp.o)
 .debug_aranges
                0x0000000000000238       0x20 /home/nikhil/Projects/RISCV/toolchain/riscv-im/bin/../lib/gcc/riscv64-unknown-elf/5.2.0/../../../../riscv64-unknown-elf/lib/soft-float/32/libc.a(lib_a-freer.o)
 .debug_aranges
                0x0000000000000258       0x20 /home/nikhil/Projects/RISCV/toolchain/riscv-im/bin/../lib/gcc/riscv64-unknown-elf/5.2.0/../../../../riscv64-unknown-elf/lib/soft-float/32/libc.a(lib_a-fwalk.o)
 .debug_aranges
                0x0000000000000278       0x18 /home/nikhil/Projects/RISCV/toolchain/riscv-im/bin/../lib/gcc/riscv64-unknown-elf/5.2.0/../../../../riscv64-unknown-elf/lib/soft-float/32/libc.a(lib_a-impure.o)
 .debug_aranges
                0x0000000000000290       0x20 /home/nikhil/Projects/RISCV/toolchain/riscv-im/bin/../lib/gcc/riscv64-unknown-elf/5.2.0/../../../../riscv64-unknown-elf/lib/soft-float/32/libc.a(lib_a-locale.o)
 .debug_aranges
                0x00000000000002b0       0x20 /home/nikhil/Projects/RISCV/toolchain/riscv-im/bin/../lib/gcc/riscv64-unknown-elf/5.2.0/../../../../riscv64-unknown-elf/lib/soft-float/32/libc.a(lib_a-makebuf.o)
 .debug_aranges
                0x00000000000002d0       0x20 /home/nikhil/Projects/RISCV/toolchain/riscv-im/bin/../lib/gcc/riscv64-unknown-elf/5.2.0/../../../../riscv64-unknown-elf/lib/soft-float/32/libc.a(lib_a-mallocr.o)
 .debug_aranges
                0x00000000000002f0       0x20 /home/nikhil/Projects/RISCV/toolchain/riscv-im/bin/../lib/gcc/riscv64-unknown-elf/5.2.0/../../../../riscv64-unknown-elf/lib/soft-float/32/libc.a(lib_a-memchr.o)
 .debug_aranges
                0x0000000000000310       0x20 /home/nikhil/Projects/RISCV/toolchain/riscv-im/bin/../lib/gcc/riscv64-unknown-elf/5.2.0/../../../../riscv64-unknown-elf/lib/soft-float/32/libc.a(lib_a-memcpy.o)
 .debug_aranges
                0x0000000000000330       0x20 /home/nikhil/Projects/RISCV/toolchain/riscv-im/bin/../lib/gcc/riscv64-unknown-elf/5.2.0/../../../../riscv64-unknown-elf/lib/soft-float/32/libc.a(lib_a-mlock.o)
 .debug_aranges
                0x0000000000000350       0x20 /home/nikhil/Projects/RISCV/toolchain/riscv-im/bin/../lib/gcc/riscv64-unknown-elf/5.2.0/../../../../riscv64-unknown-elf/lib/soft-float/32/libc.a(lib_a-mprec.o)
 .debug_aranges
                0x0000000000000370       0x20 /home/nikhil/Projects/RISCV/toolchain/riscv-im/bin/../lib/gcc/riscv64-unknown-elf/5.2.0/../../../../riscv64-unknown-elf/lib/soft-float/32/libc.a(lib_a-s_fpclassify.o)
 .debug_aranges
                0x0000000000000390       0x20 /home/nikhil/Projects/RISCV/toolchain/riscv-im/bin/../lib/gcc/riscv64-unknown-elf/5.2.0/../../../../riscv64-unknown-elf/lib/soft-float/32/libc.a(lib_a-stdio.o)
 .debug_aranges
                0x00000000000003b0       0x20 /home/nikhil/Projects/RISCV/toolchain/riscv-im/bin/../lib/gcc/riscv64-unknown-elf/5.2.0/../../../../riscv64-unknown-elf/lib/soft-float/32/libc.a(lib_a-strlen.o)
 .debug_aranges
                0x00000000000003d0       0x20 /home/nikhil/Projects/RISCV/toolchain/riscv-im/bin/../lib/gcc/riscv64-unknown-elf/5.2.0/../../../../riscv64-unknown-elf/lib/soft-float/32/libc.a(lib_a-vfiprintf.o)
 .debug_aranges
                0x00000000000003f0       0x20 /home/nikhil/Projects/RISCV/toolchain/riscv-im/bin/../lib/gcc/riscv64-unknown-elf/5.2.0/../../../../riscv64-unknown-elf/lib/soft-float/32/libc.a(lib_a-callocr.o)
 .debug_aranges
                0x0000000000000410       0x20 /home/nikhil/Projects/RISCV/toolchain/riscv-im/bin/../lib/gcc/riscv64-unknown-elf/5.2.0/../../../../riscv64-unknown-elf/lib/soft-float/32/libc.a(lib_a-fclose.o)
 .debug_aranges
                0x0000000000000430       0x20 /home/nikhil/Projects/RISCV/toolchain/riscv-im/bin/../lib/gcc/riscv64-unknown-elf/5.2.0/../../../../riscv64-unknown-elf/lib/soft-float/32/libc.a(lib_a-fputwc.o)
 .debug_aranges
                0x0000000000000450       0x20 /home/nikhil/Projects/RISCV/toolchain/riscv-im/bin/../lib/gcc/riscv64-unknown-elf/5.2.0/../../../../riscv64-unknown-elf/lib/soft-float/32/libc.a(lib_a-fvwrite.o)
 .debug_aranges
                0x0000000000000470       0x20 /home/nikhil/Projects/RISCV/toolchain/riscv-im/bin/../lib/gcc/riscv64-unknown-elf/5.2.0/../../../../riscv64-unknown-elf/lib/soft-float/32/libc.a(lib_a-memmove.o)
 .debug_aranges
                0x0000000000000490       0x20 /home/nikhil/Projects/RISCV/toolchain/riscv-im/bin/../lib/gcc/riscv64-unknown-elf/5.2.0/../../../../riscv64-unknown-elf/lib/soft-float/32/libc.a(lib_a-reallocr.o)
 .debug_aranges
                0x00000000000004b0       0x20 /home/nikhil/Projects/RISCV/toolchain/riscv-im/bin/../lib/gcc/riscv64-unknown-elf/5.2.0/../../../../riscv64-unknown-elf/lib/soft-float/32/libc.a(lib_a-wbuf.o)
 .debug_aranges
                0x00000000000004d0       0x20 /home/nikhil/Projects/RISCV/toolchain/riscv-im/bin/../lib/gcc/riscv64-unknown-elf/5.2.0/../../../../riscv64-unknown-elf/lib/soft-float/32/libc.a(lib_a-wcrtomb.o)
 .debug_aranges
                0x00000000000004f0       0x20 /home/nikhil/Projects/RISCV/toolchain/riscv-im/bin/../lib/gcc/riscv64-unknown-elf/5.2.0/../../../../riscv64-unknown-elf/lib/soft-float/32/libc.a(lib_a-wctomb_r.o)
 .debug_aranges
                0x0000000000000510       0x20 /home/nikhil/Projects/RISCV/toolchain/riscv-im/bin/../lib/gcc/riscv64-unknown-elf/5.2.0/soft-float/32/libgcc.a(dp-bit.o)
 .debug_aranges